#
# There is insufficient memory for the Java Runtime Environment to continue.
# Native memory allocation (malloc) failed to allocate 1416816 bytes. Error detail: Chunk::new
# Possible reasons:
#   The system is out of physical RAM or swap space
#   This process is running with CompressedOops enabled, and the Java Heap may be blocking the growth of the native heap
# Possible solutions:
#   Reduce memory load on the system
#   Increase physical memory or swap space
#   Check if swap backing store is full
#   Decrease Java heap size (-Xmx/-Xms)
#   Decrease number of Java threads
#   Decrease Java thread stack sizes (-Xss)
#   Set larger code cache with -XX:ReservedCodeCacheSize=
#   JVM is running with Unscaled Compressed Oops mode in which the Java heap is
#     placed in the first 4GB address space. The Java Heap base address is the
#     maximum limit for the native heap growth. Please use -XX:HeapBaseMinAddress
#     to set the Java Heap base and to place the Java Heap above 4GB virtual address.
# This output file may be truncated or incomplete.
#
#  Out of Memory Error (arena.cpp:168), pid=20492, tid=17108
#
# JRE version: OpenJDK Runtime Environment Temurin-21.0.7+6 (21.0.7+6) (build 21.0.7+6-LTS)
# Java VM: OpenJDK 64-Bit Server VM Temurin-21.0.7+6 (21.0.7+6-LTS, mixed mode, sharing, tiered, compressed oops, compressed class ptrs, parallel gc, windows-amd64)
# No core dump will be written. Minidumps are not enabled by default on client versions of Windows
#

---------------  S U M M A R Y ------------

Command Line: --add-modules=ALL-SYSTEM --add-opens=java.base/java.util=ALL-UNNAMED --add-opens=java.base/java.lang=ALL-UNNAMED --add-opens=java.base/sun.nio.fs=ALL-UNNAMED -Declipse.application=org.eclipse.jdt.ls.core.id1 -Dosgi.bundles.defaultStartLevel=4 -Declipse.product=org.eclipse.jdt.ls.core.product -Djava.import.generatesMetadataFilesAtProjectRoot=false -DDetectVMInstallationsJob.disabled=true -Dfile.encoding=utf8 -XX:+UseParallelGC -XX:GCTimeRatio=4 -XX:AdaptiveSizePolicyWeight=90 -Dsun.zip.disableMemoryMapping=true -Xmx1G -Xms100m -Xlog:disable -javaagent:c:\Users\vquoc\.trae\extensions\redhat.java-1.42.0-win32-x64\lombok\lombok-1.18.36.jar -XX:+HeapDumpOnOutOfMemoryError -XX:HeapDumpPath=c:\Users\vquoc\AppData\Roaming\Trae\User\workspaceStorage\f2c5a85be67d5603d603d903a5f5e535\redhat.java -Daether.dependencyCollector.impl=bf c:\Users\vquoc\.trae\extensions\redhat.java-1.42.0-win32-x64\server\plugins\org.eclipse.equinox.launcher_1.7.0.v20250424-1814.jar -configuration c:\Users\vquoc\AppData\Roaming\Trae\User\globalStorage\redhat.java\1.42.0\config_win -data c:\Users\vquoc\AppData\Roaming\Trae\User\workspaceStorage\f2c5a85be67d5603d603d903a5f5e535\redhat.java\jdt_ws --pipe=\\.\pipe\lsp-a52d11525119e35540caf358ec29dfb2-sock

Host: 12th Gen Intel(R) Core(TM) i5-12450H, 12 cores, 23G,  Windows 11 , 64 bit Build 26100 (10.0.26100.4202)
Time: Wed Jun  4 23:12:17 2025 SE Asia Standard Time elapsed time: 15.465043 seconds (0d 0h 0m 15s)

---------------  T H R E A D  ---------------

Current thread (0x000001608269fcd0):  JavaThread "C2 CompilerThread0" daemon [_thread_in_native, id=17108, stack(0x0000001479400000,0x0000001479500000) (1024K)]


Current CompileTask:
C2:15465 4851   !   4       org.eclipse.osgi.internal.loader.classpath.ClasspathManager::findClassImpl (343 bytes)

Stack: [0x0000001479400000,0x0000001479500000]
Native frames: (J=compiled Java code, j=interpreted, Vv=VM code, C=native code)
V  [jvm.dll+0x6ce119]
V  [jvm.dll+0x8a84a1]
V  [jvm.dll+0x8aa9ce]
V  [jvm.dll+0x8ab0b3]
V  [jvm.dll+0x27f8a6]
V  [jvm.dll+0xc507d]
V  [jvm.dll+0xc55b3]
V  [jvm.dll+0x3b68f2]
V  [jvm.dll+0x382aa5]
V  [jvm.dll+0x381f0a]
V  [jvm.dll+0x247af0]
V  [jvm.dll+0x2470cf]
V  [jvm.dll+0x1c760e]
V  [jvm.dll+0x25695a]
V  [jvm.dll+0x254efa]
V  [jvm.dll+0x3f03f6]
V  [jvm.dll+0x851f6b]
V  [jvm.dll+0x6cc7dd]
C  [ucrtbase.dll+0x37b0]
C  [KERNEL32.DLL+0x2e8d7]
C  [ntdll.dll+0x3c34c]


---------------  P R O C E S S  ---------------

Threads class SMR info:
_java_thread_list=0x0000016089ff9650, length=44, elements={
0x000001602b1df460, 0x000001603f5ce700, 0x00000160826943b0, 0x0000016082695b30,
0x00000160826983a0, 0x000001608269a160, 0x000001608269ce30, 0x000001608269fcd0,
0x00000160826b3eb0, 0x000001602b24cc20, 0x0000016082a07890, 0x00000160878d2060,
0x00000160874b95c0, 0x00000160879922a0, 0x000001608797fd50, 0x0000016087da4870,
0x0000016087ce2bf0, 0x0000016087f12cf0, 0x0000016087e71b60, 0x0000016087e707b0,
0x0000016087e721f0, 0x0000016087e72880, 0x0000016087e72f10, 0x000001608812b230,
0x0000016082a8d5c0, 0x0000016087e6fa90, 0x0000016087e70120, 0x0000016087e70e40,
0x0000016088001340, 0x0000016087fff900, 0x0000016087ffebe0, 0x0000016088000620,
0x0000016087ffff90, 0x0000016087fff270, 0x0000016088000cb0, 0x00000160880019d0,
0x0000016087ffe550, 0x0000016088003aa0, 0x00000160880054e0, 0x0000016088002060,
0x0000016088004e50, 0x00000160880026f0, 0x0000016088005b70, 0x0000016088002d80
}

Java Threads: ( => current thread )
  0x000001602b1df460 JavaThread "main"                              [_thread_in_vm, id=21584, stack(0x0000001478a00000,0x0000001478b00000) (1024K)]
  0x000001603f5ce700 JavaThread "Reference Handler"          daemon [_thread_blocked, id=24632, stack(0x0000001478e00000,0x0000001478f00000) (1024K)]
  0x00000160826943b0 JavaThread "Finalizer"                  daemon [_thread_blocked, id=24616, stack(0x0000001478f00000,0x0000001479000000) (1024K)]
  0x0000016082695b30 JavaThread "Signal Dispatcher"          daemon [_thread_blocked, id=7608, stack(0x0000001479000000,0x0000001479100000) (1024K)]
  0x00000160826983a0 JavaThread "Attach Listener"            daemon [_thread_blocked, id=12352, stack(0x0000001479100000,0x0000001479200000) (1024K)]
  0x000001608269a160 JavaThread "Service Thread"             daemon [_thread_blocked, id=18848, stack(0x0000001479200000,0x0000001479300000) (1024K)]
  0x000001608269ce30 JavaThread "Monitor Deflation Thread"   daemon [_thread_blocked, id=7468, stack(0x0000001479300000,0x0000001479400000) (1024K)]
=>0x000001608269fcd0 JavaThread "C2 CompilerThread0"         daemon [_thread_in_native, id=17108, stack(0x0000001479400000,0x0000001479500000) (1024K)]
  0x00000160826b3eb0 JavaThread "C1 CompilerThread0"         daemon [_thread_in_vm, id=19704, stack(0x0000001479500000,0x0000001479600000) (1024K)]
  0x000001602b24cc20 JavaThread "Common-Cleaner"             daemon [_thread_blocked, id=23224, stack(0x0000001479600000,0x0000001479700000) (1024K)]
  0x0000016082a07890 JavaThread "Notification Thread"        daemon [_thread_blocked, id=24984, stack(0x0000001479700000,0x0000001479800000) (1024K)]
  0x00000160878d2060 JavaThread "Active Thread: Equinox Container: 28b6eb8c-9090-4878-94ff-0f7fdfd042e3"        [_thread_blocked, id=1456, stack(0x000000147a000000,0x000000147a100000) (1024K)]
  0x00000160874b95c0 JavaThread "Refresh Thread: Equinox Container: 28b6eb8c-9090-4878-94ff-0f7fdfd042e3" daemon [_thread_blocked, id=17152, stack(0x000000147a100000,0x000000147a200000) (1024K)]
  0x00000160879922a0 JavaThread "Framework Event Dispatcher: Equinox Container: 28b6eb8c-9090-4878-94ff-0f7fdfd042e3" daemon [_thread_blocked, id=9720, stack(0x000000147a300000,0x000000147a400000) (1024K)]
  0x000001608797fd50 JavaThread "Start Level: Equinox Container: 28b6eb8c-9090-4878-94ff-0f7fdfd042e3" daemon [_thread_blocked, id=5424, stack(0x000000147a400000,0x000000147a500000) (1024K)]
  0x0000016087da4870 JavaThread "Bundle File Closer"         daemon [_thread_blocked, id=25156, stack(0x000000147a500000,0x000000147a600000) (1024K)]
  0x0000016087ce2bf0 JavaThread "SCR Component Actor"        daemon [_thread_blocked, id=17588, stack(0x000000147a600000,0x000000147a700000) (1024K)]
  0x0000016087f12cf0 JavaThread "SCR Component Registry"     daemon [_thread_blocked, id=18528, stack(0x000000147a700000,0x000000147a800000) (1024K)]
  0x0000016087e71b60 JavaThread "Worker-JM"                         [_thread_blocked, id=21228, stack(0x000000147a900000,0x000000147aa00000) (1024K)]
  0x0000016087e707b0 JavaThread "JNA Cleaner"                daemon [_thread_blocked, id=15460, stack(0x000000147a800000,0x000000147a900000) (1024K)]
  0x0000016087e721f0 JavaThread "Worker-0: Building"                [_thread_in_Java, id=22588, stack(0x000000147aa00000,0x000000147ab00000) (1024K)]
  0x0000016087e72880 JavaThread "Worker-1: Initialize After Load"        [_thread_blocked, id=21368, stack(0x000000147ab00000,0x000000147ac00000) (1024K)]
  0x0000016087e72f10 JavaThread "Worker-2: Processing Java changes since last activation"        [_thread_blocked, id=13212, stack(0x000000147ac00000,0x000000147ad00000) (1024K)]
  0x000001608812b230 JavaThread "C2 CompilerThread1"         daemon [_thread_in_native, id=21800, stack(0x000000147ad00000,0x000000147ae00000) (1024K)]
  0x0000016082a8d5c0 JavaThread "C2 CompilerThread2"         daemon [_thread_in_native, id=15580, stack(0x000000147ae00000,0x000000147af00000) (1024K)]
  0x0000016087e6fa90 JavaThread "Java indexing"              daemon [_thread_blocked, id=7832, stack(0x000000147af00000,0x000000147b000000) (1024K)]
  0x0000016087e70120 JavaThread "Worker-3: Repository registry initialization"        [_thread_in_vm, id=1364, stack(0x000000147b000000,0x000000147b100000) (1024K)]
  0x0000016087e70e40 JavaThread "Worker-4: Loading available Gradle versions"        [_thread_in_vm, id=10016, stack(0x000000147b300000,0x000000147b400000) (1024K)]
  0x0000016088001340 JavaThread "Worker-5"                          [_thread_blocked, id=10132, stack(0x000000147b400000,0x000000147b500000) (1024K)]
  0x0000016087fff900 JavaThread "Worker-6"                          [_thread_blocked, id=10044, stack(0x000000147b500000,0x000000147b600000) (1024K)]
  0x0000016087ffebe0 JavaThread "Thread-2"                   daemon [_thread_in_native, id=10032, stack(0x000000147b600000,0x000000147b700000) (1024K)]
  0x0000016088000620 JavaThread "Thread-3"                   daemon [_thread_in_native, id=15352, stack(0x000000147b700000,0x000000147b800000) (1024K)]
  0x0000016087ffff90 JavaThread "Thread-4"                   daemon [_thread_in_native, id=10232, stack(0x000000147b800000,0x000000147b900000) (1024K)]
  0x0000016087fff270 JavaThread "Thread-5"                   daemon [_thread_in_native, id=10168, stack(0x000000147b900000,0x000000147ba00000) (1024K)]
  0x0000016088000cb0 JavaThread "Thread-6"                   daemon [_thread_in_native, id=10072, stack(0x000000147ba00000,0x000000147bb00000) (1024K)]
  0x00000160880019d0 JavaThread "Thread-7"                   daemon [_thread_in_native, id=18332, stack(0x000000147bb00000,0x000000147bc00000) (1024K)]
  0x0000016087ffe550 JavaThread "Thread-8"                   daemon [_thread_in_native, id=18340, stack(0x000000147bc00000,0x000000147bd00000) (1024K)]
  0x0000016088003aa0 JavaThread "Thread-9"                   daemon [_thread_in_native, id=18404, stack(0x000000147bd00000,0x000000147be00000) (1024K)]
  0x00000160880054e0 JavaThread "Thread-10"                  daemon [_thread_in_native, id=18380, stack(0x000000147be00000,0x000000147bf00000) (1024K)]
  0x0000016088002060 JavaThread "Thread-11"                  daemon [_thread_in_native, id=7292, stack(0x000000147bf00000,0x000000147c000000) (1024K)]
  0x0000016088004e50 JavaThread "Thread-12"                  daemon [_thread_in_native, id=7364, stack(0x000000147c000000,0x000000147c100000) (1024K)]
  0x00000160880026f0 JavaThread "Thread-13"                  daemon [_thread_in_native, id=7336, stack(0x000000147c100000,0x000000147c200000) (1024K)]
  0x0000016088005b70 JavaThread "Thread-14"                  daemon [_thread_in_native, id=7332, stack(0x000000147c200000,0x000000147c300000) (1024K)]
  0x0000016088002d80 JavaThread "pool-2-thread-1"                   [_thread_blocked, id=18024, stack(0x000000147c300000,0x000000147c400000) (1024K)]
Total: 44

Other Threads:
  0x000001602b29ec30 VMThread "VM Thread"                           [id=24820, stack(0x0000001478d00000,0x0000001478e00000) (1024K)]
  0x000001603f4aca00 WatcherThread "VM Periodic Task Thread"        [id=24812, stack(0x0000001478c00000,0x0000001478d00000) (1024K)]
  0x000001602b1fdd30 WorkerThread "GC Thread#0"                     [id=24796, stack(0x0000001478b00000,0x0000001478c00000) (1024K)]
  0x0000016087076680 WorkerThread "GC Thread#1"                     [id=22600, stack(0x0000001479a00000,0x0000001479b00000) (1024K)]
  0x00000160879e55b0 WorkerThread "GC Thread#2"                     [id=20468, stack(0x0000001479b00000,0x0000001479c00000) (1024K)]
  0x00000160876a21d0 WorkerThread "GC Thread#3"                     [id=22544, stack(0x0000001479c00000,0x0000001479d00000) (1024K)]
  0x00000160876a2570 WorkerThread "GC Thread#4"                     [id=24400, stack(0x0000001479d00000,0x0000001479e00000) (1024K)]
  0x00000160876a2910 WorkerThread "GC Thread#5"                     [id=15400, stack(0x0000001479e00000,0x0000001479f00000) (1024K)]
  0x00000160876a2cb0 WorkerThread "GC Thread#6"                     [id=13872, stack(0x0000001479f00000,0x000000147a000000) (1024K)]
  0x0000016087690e10 WorkerThread "GC Thread#7"                     [id=11772, stack(0x000000147a200000,0x000000147a300000) (1024K)]
  0x00000160874656d0 WorkerThread "GC Thread#8"                     [id=24800, stack(0x0000001479800000,0x0000001479900000) (1024K)]
  0x00000160874661b0 WorkerThread "GC Thread#9"                     [id=25172, stack(0x0000001479900000,0x0000001479a00000) (1024K)]
Total: 12

Threads with active compile tasks:
C2 CompilerThread0  15474 4851   !   4       org.eclipse.osgi.internal.loader.classpath.ClasspathManager::findClassImpl (343 bytes)
C1 CompilerThread0  15474 5010       3       jdk.internal.jimage.ImageLocation::<init> (27 bytes)
C2 CompilerThread1  15474 4850       4       org.eclipse.osgi.internal.serviceregistry.ServiceRegistry::notifyHooksPrivileged (57 bytes)
C2 CompilerThread2  15474 4919       4       org.eclipse.osgi.internal.loader.BundleLoader::addExportedProvidersFor (167 bytes)
Total: 4

VM state: not at safepoint (normal execution)

VM Mutex/Monitor currently owned by a thread: None

Heap address: 0x00000000c0000000, size: 1024 MB, Compressed Oops mode: 32-bit

CDS archive(s) mapped at: [0x0000016040000000-0x0000016040ba0000-0x0000016040ba0000), size 12189696, SharedBaseAddress: 0x0000016040000000, ArchiveRelocationMode: 1.
Compressed class space mapped at: 0x0000016041000000-0x0000016081000000, reserved size: 1073741824
Narrow klass base: 0x0000016040000000, Narrow klass shift: 0, Narrow klass range: 0x100000000

GC Precious Log:
 CardTable entry size: 512
 CPUs: 12 total, 12 available
 Memory: 24193M
 Large Page Support: Disabled
 NUMA Support: Disabled
 Compressed Oops: Enabled (32-bit)
 Alignments: Space 512K, Generation 512K, Heap 2M
 Heap Min Capacity: 100M
 Heap Initial Capacity: 100M
 Heap Max Capacity: 1G
 Pre-touch: Disabled
 Parallel Workers: 10

Heap:
 PSYoungGen      total 25088K, used 4909K [0x00000000eab00000, 0x00000000ec680000, 0x0000000100000000)
  eden space 22016K, 22% used [0x00000000eab00000,0x00000000eafcb650,0x00000000ec080000)
  from space 3072K, 0% used [0x00000000ec100000,0x00000000ec100000,0x00000000ec400000)
  to   space 1536K, 0% used [0x00000000ec500000,0x00000000ec500000,0x00000000ec680000)
 ParOldGen       total 68608K, used 18477K [0x00000000c0000000, 0x00000000c4300000, 0x00000000eab00000)
  object space 68608K, 26% used [0x00000000c0000000,0x00000000c120b440,0x00000000c4300000)
 Metaspace       used 35056K, committed 36224K, reserved 1114112K
  class space    used 3473K, committed 4032K, reserved 1048576K

Card table byte_map: [0x000001602ab80000,0x000001602ad90000] _byte_map_base: 0x000001602a580000

Marking Bits: (ParMarkBitMap*) 0x00007ffc440231f0
 Begin Bits: [0x000001603d3d0000, 0x000001603e3d0000)
 End Bits:   [0x000001603e3d0000, 0x000001603f3d0000)

Polling page: 0x0000016028fb0000

Metaspace:

Usage:
  Non-class:     30.84 MB used.
      Class:      3.39 MB used.
       Both:     34.24 MB used.

Virtual space:
  Non-class space:       64.00 MB reserved,      31.44 MB ( 49%) committed,  1 nodes.
      Class space:        1.00 GB reserved,       3.94 MB ( <1%) committed,  1 nodes.
             Both:        1.06 GB reserved,      35.38 MB (  3%) committed. 

Chunk freelists:
   Non-Class:  15.66 MB
       Class:  12.04 MB
        Both:  27.70 MB

MaxMetaspaceSize: unlimited
CompressedClassSpaceSize: 1.00 GB
Initial GC threshold: 21.00 MB
Current GC threshold: 58.38 MB
CDS: on
 - commit_granule_bytes: 65536.
 - commit_granule_words: 8192.
 - virtual_space_node_default_size: 8388608.
 - enlarge_chunks_in_place: 1.
 - use_allocation_guard: 0.


Internal statistics:

num_allocs_failed_limit: 8.
num_arena_births: 916.
num_arena_deaths: 14.
num_vsnodes_births: 2.
num_vsnodes_deaths: 0.
num_space_committed: 567.
num_space_uncommitted: 0.
num_chunks_returned_to_freelist: 22.
num_chunks_taken_from_freelist: 2432.
num_chunk_merges: 9.
num_chunk_splits: 1534.
num_chunks_enlarged: 883.
num_inconsistent_stats: 0.

CodeHeap 'non-profiled nmethods': size=120000Kb used=2126Kb max_used=2521Kb free=117873Kb
 bounds [0x0000016035ea0000, 0x0000016036120000, 0x000001603d3d0000]
CodeHeap 'profiled nmethods': size=120000Kb used=8969Kb max_used=10461Kb free=111030Kb
 bounds [0x000001602e3d0000, 0x000001602ee10000, 0x0000016035900000]
CodeHeap 'non-nmethods': size=5760Kb used=1358Kb max_used=1405Kb free=4401Kb
 bounds [0x0000016035900000, 0x0000016035b70000, 0x0000016035ea0000]
 total_blobs=5059 nmethods=4408 adapters=557
 compilation: enabled
              stopped_count=0, restarted_count=0
 full_count=0

Compilation events (20 events):
Event: 13.464 Thread 0x00000160826b3eb0 4983       3       jdk.internal.jimage.ImageBufferCache::getCapacity (21 bytes)
Event: 13.464 Thread 0x00000160826b3eb0 nmethod 4983 0x000001602e3e1310 code [0x000001602e3e14c0, 0x000001602e3e17d0]
Event: 13.465 Thread 0x00000160826b3eb0 4994       3       jdk.internal.jimage.ImageLocation::getBase (6 bytes)
Event: 13.465 Thread 0x00000160826b3eb0 nmethod 4994 0x000001602e3e1e10 code [0x000001602e3e1fc0, 0x000001602e3e2108]
Event: 13.465 Thread 0x00000160826b3eb0 4992       3       java.nio.ByteBufferAsIntBufferL::get (31 bytes)
Event: 13.465 Thread 0x00000160826b3eb0 nmethod 4992 0x000001602e44dd90 code [0x000001602e44dfe0, 0x000001602e44e850]
Event: 13.465 Thread 0x00000160826b3eb0 4995       3       java.nio.ByteBufferAsIntBufferL::byteOffset (9 bytes)
Event: 13.465 Thread 0x00000160826b3eb0 nmethod 4995 0x000001602e3e2a10 code [0x000001602e3e2ba0, 0x000001602e3e2cc0]
Event: 13.465 Thread 0x00000160826b3eb0 4981       3       java.nio.MappedByteBuffer::position (6 bytes)
Event: 13.465 Thread 0x00000160826b3eb0 nmethod 4981 0x000001602e432410 code [0x000001602e4325c0, 0x000001602e4327d0]
Event: 13.465 Thread 0x00000160826b3eb0 4979       1       java.nio.DirectByteBufferR::base (2 bytes)
Event: 13.465 Thread 0x00000160826b3eb0 nmethod 4979 0x0000016035fbc590 code [0x0000016035fbc720, 0x0000016035fbc7f0]
Event: 13.465 Thread 0x00000160826b3eb0 4985       1       jdk.internal.jimage.ImageReader$Node::getFileAttributes (5 bytes)
Event: 13.465 Thread 0x00000160826b3eb0 nmethod 4985 0x0000016035fee890 code [0x0000016035feea20, 0x0000016035feeae8]
Event: 13.465 Thread 0x00000160826b3eb0 4984       1       jdk.internal.jimage.BasicImageReader::getStrings (5 bytes)
Event: 13.465 Thread 0x00000160826b3eb0 nmethod 4984 0x0000016035effb10 code [0x0000016035effca0, 0x0000016035effd68]
Event: 13.465 Thread 0x00000160826b3eb0 4986       1       jdk.internal.jimage.ImageReader$Node::isCompleted (5 bytes)
Event: 13.465 Thread 0x00000160826b3eb0 nmethod 4986 0x0000016035f4a890 code [0x0000016035f4aa20, 0x0000016035f4aaf0]
Event: 13.466 Thread 0x00000160826b3eb0 4988       1       jdk.internal.jimage.ImageHeader::getTableLength (5 bytes)
Event: 14.463 Thread 0x00000160826b3eb0 nmethod 4988 0x0000016035fa2a10 code [0x0000016035fa2ba0, 0x0000016035fa2c68]

GC Heap History (20 events):
Event: 11.673 GC heap before
{Heap before GC invocations=6 (full 0):
 PSYoungGen      total 29184K, used 29164K [0x00000000eab00000, 0x00000000ece80000, 0x0000000100000000)
  eden space 25088K, 100% used [0x00000000eab00000,0x00000000ec380000,0x00000000ec380000)
  from space 4096K, 99% used [0x00000000ec400000,0x00000000ec7fb3d8,0x00000000ec800000)
  to   space 5632K, 0% used [0x00000000ec900000,0x00000000ec900000,0x00000000ece80000)
 ParOldGen       total 68608K, used 7966K [0x00000000c0000000, 0x00000000c4300000, 0x00000000eab00000)
  object space 68608K, 11% used [0x00000000c0000000,0x00000000c07c7b20,0x00000000c4300000)
 Metaspace       used 18488K, committed 19328K, reserved 1114112K
  class space    used 1872K, committed 2240K, reserved 1048576K
}
Event: 11.676 GC heap after
{Heap after GC invocations=6 (full 0):
 PSYoungGen      total 30208K, used 5519K [0x00000000eab00000, 0x00000000ece80000, 0x0000000100000000)
  eden space 24576K, 0% used [0x00000000eab00000,0x00000000eab00000,0x00000000ec300000)
  from space 5632K, 97% used [0x00000000ec900000,0x00000000ece63c38,0x00000000ece80000)
  to   space 5632K, 0% used [0x00000000ec380000,0x00000000ec380000,0x00000000ec900000)
 ParOldGen       total 68608K, used 7974K [0x00000000c0000000, 0x00000000c4300000, 0x00000000eab00000)
  object space 68608K, 11% used [0x00000000c0000000,0x00000000c07c9b20,0x00000000c4300000)
 Metaspace       used 18488K, committed 19328K, reserved 1114112K
  class space    used 1872K, committed 2240K, reserved 1048576K
}
Event: 11.988 GC heap before
{Heap before GC invocations=7 (full 0):
 PSYoungGen      total 30208K, used 24607K [0x00000000eab00000, 0x00000000ece80000, 0x0000000100000000)
  eden space 24576K, 77% used [0x00000000eab00000,0x00000000ebda4260,0x00000000ec300000)
  from space 5632K, 97% used [0x00000000ec900000,0x00000000ece63c38,0x00000000ece80000)
  to   space 5632K, 0% used [0x00000000ec380000,0x00000000ec380000,0x00000000ec900000)
 ParOldGen       total 68608K, used 7974K [0x00000000c0000000, 0x00000000c4300000, 0x00000000eab00000)
  object space 68608K, 11% used [0x00000000c0000000,0x00000000c07c9b20,0x00000000c4300000)
 Metaspace       used 20548K, committed 21504K, reserved 1114112K
  class space    used 2115K, committed 2560K, reserved 1048576K
}
Event: 11.990 GC heap after
{Heap after GC invocations=7 (full 0):
 PSYoungGen      total 29184K, used 4259K [0x00000000eab00000, 0x00000000ecd00000, 0x0000000100000000)
  eden space 24576K, 0% used [0x00000000eab00000,0x00000000eab00000,0x00000000ec300000)
  from space 4608K, 92% used [0x00000000ec380000,0x00000000ec7a8e48,0x00000000ec800000)
  to   space 5120K, 0% used [0x00000000ec800000,0x00000000ec800000,0x00000000ecd00000)
 ParOldGen       total 68608K, used 9219K [0x00000000c0000000, 0x00000000c4300000, 0x00000000eab00000)
  object space 68608K, 13% used [0x00000000c0000000,0x00000000c0900d28,0x00000000c4300000)
 Metaspace       used 20548K, committed 21504K, reserved 1114112K
  class space    used 2115K, committed 2560K, reserved 1048576K
}
Event: 11.990 GC heap before
{Heap before GC invocations=8 (full 1):
 PSYoungGen      total 29184K, used 4259K [0x00000000eab00000, 0x00000000ecd00000, 0x0000000100000000)
  eden space 24576K, 0% used [0x00000000eab00000,0x00000000eab00000,0x00000000ec300000)
  from space 4608K, 92% used [0x00000000ec380000,0x00000000ec7a8e48,0x00000000ec800000)
  to   space 5120K, 0% used [0x00000000ec800000,0x00000000ec800000,0x00000000ecd00000)
 ParOldGen       total 68608K, used 9219K [0x00000000c0000000, 0x00000000c4300000, 0x00000000eab00000)
  object space 68608K, 13% used [0x00000000c0000000,0x00000000c0900d28,0x00000000c4300000)
 Metaspace       used 20548K, committed 21504K, reserved 1114112K
  class space    used 2115K, committed 2560K, reserved 1048576K
}
Event: 12.014 GC heap after
{Heap after GC invocations=8 (full 1):
 PSYoungGen      total 29184K, used 0K [0x00000000eab00000, 0x00000000ecd00000, 0x0000000100000000)
  eden space 24576K, 0% used [0x00000000eab00000,0x00000000eab00000,0x00000000ec300000)
  from space 4608K, 0% used [0x00000000ec380000,0x00000000ec380000,0x00000000ec800000)
  to   space 5120K, 0% used [0x00000000ec800000,0x00000000ec800000,0x00000000ecd00000)
 ParOldGen       total 68608K, used 12634K [0x00000000c0000000, 0x00000000c4300000, 0x00000000eab00000)
  object space 68608K, 18% used [0x00000000c0000000,0x00000000c0c56bc8,0x00000000c4300000)
 Metaspace       used 20535K, committed 21504K, reserved 1114112K
  class space    used 2112K, committed 2560K, reserved 1048576K
}
Event: 12.272 GC heap before
{Heap before GC invocations=9 (full 1):
 PSYoungGen      total 29184K, used 24576K [0x00000000eab00000, 0x00000000ecd00000, 0x0000000100000000)
  eden space 24576K, 100% used [0x00000000eab00000,0x00000000ec300000,0x00000000ec300000)
  from space 4608K, 0% used [0x00000000ec380000,0x00000000ec380000,0x00000000ec800000)
  to   space 5120K, 0% used [0x00000000ec800000,0x00000000ec800000,0x00000000ecd00000)
 ParOldGen       total 68608K, used 12634K [0x00000000c0000000, 0x00000000c4300000, 0x00000000eab00000)
  object space 68608K, 18% used [0x00000000c0000000,0x00000000c0c56bc8,0x00000000c4300000)
 Metaspace       used 22644K, committed 23616K, reserved 1114112K
  class space    used 2298K, committed 2752K, reserved 1048576K
}
Event: 12.273 GC heap after
{Heap after GC invocations=9 (full 1):
 PSYoungGen      total 27648K, used 3414K [0x00000000eab00000, 0x00000000ecb80000, 0x0000000100000000)
  eden space 24064K, 0% used [0x00000000eab00000,0x00000000eab00000,0x00000000ec280000)
  from space 3584K, 95% used [0x00000000ec800000,0x00000000ecb55b10,0x00000000ecb80000)
  to   space 4096K, 0% used [0x00000000ec380000,0x00000000ec380000,0x00000000ec780000)
 ParOldGen       total 68608K, used 12642K [0x00000000c0000000, 0x00000000c4300000, 0x00000000eab00000)
  object space 68608K, 18% used [0x00000000c0000000,0x00000000c0c58bc8,0x00000000c4300000)
 Metaspace       used 22644K, committed 23616K, reserved 1114112K
  class space    used 2298K, committed 2752K, reserved 1048576K
}
Event: 12.533 GC heap before
{Heap before GC invocations=10 (full 1):
 PSYoungGen      total 27648K, used 27478K [0x00000000eab00000, 0x00000000ecb80000, 0x0000000100000000)
  eden space 24064K, 100% used [0x00000000eab00000,0x00000000ec280000,0x00000000ec280000)
  from space 3584K, 95% used [0x00000000ec800000,0x00000000ecb55b10,0x00000000ecb80000)
  to   space 4096K, 0% used [0x00000000ec380000,0x00000000ec380000,0x00000000ec780000)
 ParOldGen       total 68608K, used 12642K [0x00000000c0000000, 0x00000000c4300000, 0x00000000eab00000)
  object space 68608K, 18% used [0x00000000c0000000,0x00000000c0c58bc8,0x00000000c4300000)
 Metaspace       used 25959K, committed 26944K, reserved 1114112K
  class space    used 2542K, committed 3008K, reserved 1048576K
}
Event: 12.534 GC heap after
{Heap after GC invocations=10 (full 1):
 PSYoungGen      total 26624K, used 2771K [0x00000000eab00000, 0x00000000ec900000, 0x0000000100000000)
  eden space 23552K, 0% used [0x00000000eab00000,0x00000000eab00000,0x00000000ec200000)
  from space 3072K, 90% used [0x00000000ec380000,0x00000000ec634fd0,0x00000000ec680000)
  to   space 2560K, 0% used [0x00000000ec680000,0x00000000ec680000,0x00000000ec900000)
 ParOldGen       total 68608K, used 12642K [0x00000000c0000000, 0x00000000c4300000, 0x00000000eab00000)
  object space 68608K, 18% used [0x00000000c0000000,0x00000000c0c58bc8,0x00000000c4300000)
 Metaspace       used 25959K, committed 26944K, reserved 1114112K
  class space    used 2542K, committed 3008K, reserved 1048576K
}
Event: 12.773 GC heap before
{Heap before GC invocations=11 (full 1):
 PSYoungGen      total 26624K, used 26323K [0x00000000eab00000, 0x00000000ec900000, 0x0000000100000000)
  eden space 23552K, 100% used [0x00000000eab00000,0x00000000ec200000,0x00000000ec200000)
  from space 3072K, 90% used [0x00000000ec380000,0x00000000ec634fd0,0x00000000ec680000)
  to   space 2560K, 0% used [0x00000000ec680000,0x00000000ec680000,0x00000000ec900000)
 ParOldGen       total 68608K, used 12642K [0x00000000c0000000, 0x00000000c4300000, 0x00000000eab00000)
  object space 68608K, 18% used [0x00000000c0000000,0x00000000c0c58bc8,0x00000000c4300000)
 Metaspace       used 27562K, committed 28544K, reserved 1114112K
  class space    used 2641K, committed 3072K, reserved 1048576K
}
Event: 12.775 GC heap after
{Heap after GC invocations=11 (full 1):
 PSYoungGen      total 25600K, used 2312K [0x00000000eab00000, 0x00000000ec900000, 0x0000000100000000)
  eden space 23040K, 0% used [0x00000000eab00000,0x00000000eab00000,0x00000000ec180000)
  from space 2560K, 90% used [0x00000000ec680000,0x00000000ec8c22b0,0x00000000ec900000)
  to   space 2560K, 0% used [0x00000000ec400000,0x00000000ec400000,0x00000000ec680000)
 ParOldGen       total 68608K, used 13630K [0x00000000c0000000, 0x00000000c4300000, 0x00000000eab00000)
  object space 68608K, 19% used [0x00000000c0000000,0x00000000c0d4fbe8,0x00000000c4300000)
 Metaspace       used 27562K, committed 28544K, reserved 1114112K
  class space    used 2641K, committed 3072K, reserved 1048576K
}
Event: 13.088 GC heap before
{Heap before GC invocations=12 (full 1):
 PSYoungGen      total 25600K, used 25327K [0x00000000eab00000, 0x00000000ec900000, 0x0000000100000000)
  eden space 23040K, 99% used [0x00000000eab00000,0x00000000ec1799a8,0x00000000ec180000)
  from space 2560K, 90% used [0x00000000ec680000,0x00000000ec8c22b0,0x00000000ec900000)
  to   space 2560K, 0% used [0x00000000ec400000,0x00000000ec400000,0x00000000ec680000)
 ParOldGen       total 68608K, used 13630K [0x00000000c0000000, 0x00000000c4300000, 0x00000000eab00000)
  object space 68608K, 19% used [0x00000000c0000000,0x00000000c0d4fbe8,0x00000000c4300000)
 Metaspace       used 30806K, committed 31872K, reserved 1114112K
  class space    used 2984K, committed 3456K, reserved 1048576K
}
Event: 13.091 GC heap after
{Heap after GC invocations=12 (full 1):
 PSYoungGen      total 24576K, used 1837K [0x00000000eab00000, 0x00000000ec700000, 0x0000000100000000)
  eden space 22528K, 0% used [0x00000000eab00000,0x00000000eab00000,0x00000000ec100000)
  from space 2048K, 89% used [0x00000000ec400000,0x00000000ec5cb7a8,0x00000000ec600000)
  to   space 1024K, 0% used [0x00000000ec600000,0x00000000ec600000,0x00000000ec700000)
 ParOldGen       total 68608K, used 15831K [0x00000000c0000000, 0x00000000c4300000, 0x00000000eab00000)
  object space 68608K, 23% used [0x00000000c0000000,0x00000000c0f75e28,0x00000000c4300000)
 Metaspace       used 30806K, committed 31872K, reserved 1114112K
  class space    used 2984K, committed 3456K, reserved 1048576K
}
Event: 13.336 GC heap before
{Heap before GC invocations=13 (full 1):
 PSYoungGen      total 24576K, used 24365K [0x00000000eab00000, 0x00000000ec700000, 0x0000000100000000)
  eden space 22528K, 100% used [0x00000000eab00000,0x00000000ec100000,0x00000000ec100000)
  from space 2048K, 89% used [0x00000000ec400000,0x00000000ec5cb7a8,0x00000000ec600000)
  to   space 1024K, 0% used [0x00000000ec600000,0x00000000ec600000,0x00000000ec700000)
 ParOldGen       total 68608K, used 15831K [0x00000000c0000000, 0x00000000c4300000, 0x00000000eab00000)
  object space 68608K, 23% used [0x00000000c0000000,0x00000000c0f75e28,0x00000000c4300000)
 Metaspace       used 33271K, committed 34432K, reserved 1114112K
  class space    used 3270K, committed 3776K, reserved 1048576K
}
Event: 13.338 GC heap after
{Heap after GC invocations=13 (full 1):
 PSYoungGen      total 23040K, used 1021K [0x00000000eab00000, 0x00000000ec700000, 0x0000000100000000)
  eden space 22016K, 0% used [0x00000000eab00000,0x00000000eab00000,0x00000000ec080000)
  from space 1024K, 99% used [0x00000000ec600000,0x00000000ec6ff6e0,0x00000000ec700000)
  to   space 3072K, 0% used [0x00000000ec100000,0x00000000ec100000,0x00000000ec400000)
 ParOldGen       total 68608K, used 17662K [0x00000000c0000000, 0x00000000c4300000, 0x00000000eab00000)
  object space 68608K, 25% used [0x00000000c0000000,0x00000000c113f890,0x00000000c4300000)
 Metaspace       used 33271K, committed 34432K, reserved 1114112K
  class space    used 3270K, committed 3776K, reserved 1048576K
}
Event: 13.415 GC heap before
{Heap before GC invocations=14 (full 1):
 PSYoungGen      total 23040K, used 9903K [0x00000000eab00000, 0x00000000ec700000, 0x0000000100000000)
  eden space 22016K, 40% used [0x00000000eab00000,0x00000000eb3ac5e8,0x00000000ec080000)
  from space 1024K, 99% used [0x00000000ec600000,0x00000000ec6ff6e0,0x00000000ec700000)
  to   space 3072K, 0% used [0x00000000ec100000,0x00000000ec100000,0x00000000ec400000)
 ParOldGen       total 68608K, used 17662K [0x00000000c0000000, 0x00000000c4300000, 0x00000000eab00000)
  object space 68608K, 25% used [0x00000000c0000000,0x00000000c113f890,0x00000000c4300000)
 Metaspace       used 34705K, committed 35840K, reserved 1114112K
  class space    used 3431K, committed 3968K, reserved 1048576K
}
Event: 13.416 GC heap after
{Heap after GC invocations=14 (full 1):
 PSYoungGen      total 25088K, used 650K [0x00000000eab00000, 0x00000000ec680000, 0x0000000100000000)
  eden space 22016K, 0% used [0x00000000eab00000,0x00000000eab00000,0x00000000ec080000)
  from space 3072K, 21% used [0x00000000ec100000,0x00000000ec1a2bd0,0x00000000ec400000)
  to   space 1536K, 0% used [0x00000000ec500000,0x00000000ec500000,0x00000000ec680000)
 ParOldGen       total 68608K, used 18685K [0x00000000c0000000, 0x00000000c4300000, 0x00000000eab00000)
  object space 68608K, 27% used [0x00000000c0000000,0x00000000c123f738,0x00000000c4300000)
 Metaspace       used 34705K, committed 35840K, reserved 1114112K
  class space    used 3431K, committed 3968K, reserved 1048576K
}
Event: 13.416 GC heap before
{Heap before GC invocations=15 (full 2):
 PSYoungGen      total 25088K, used 650K [0x00000000eab00000, 0x00000000ec680000, 0x0000000100000000)
  eden space 22016K, 0% used [0x00000000eab00000,0x00000000eab00000,0x00000000ec080000)
  from space 3072K, 21% used [0x00000000ec100000,0x00000000ec1a2bd0,0x00000000ec400000)
  to   space 1536K, 0% used [0x00000000ec500000,0x00000000ec500000,0x00000000ec680000)
 ParOldGen       total 68608K, used 18685K [0x00000000c0000000, 0x00000000c4300000, 0x00000000eab00000)
  object space 68608K, 27% used [0x00000000c0000000,0x00000000c123f738,0x00000000c4300000)
 Metaspace       used 34705K, committed 35840K, reserved 1114112K
  class space    used 3431K, committed 3968K, reserved 1048576K
}
Event: 13.440 GC heap after
{Heap after GC invocations=15 (full 2):
 PSYoungGen      total 25088K, used 0K [0x00000000eab00000, 0x00000000ec680000, 0x0000000100000000)
  eden space 22016K, 0% used [0x00000000eab00000,0x00000000eab00000,0x00000000ec080000)
  from space 3072K, 0% used [0x00000000ec100000,0x00000000ec100000,0x00000000ec400000)
  to   space 1536K, 0% used [0x00000000ec500000,0x00000000ec500000,0x00000000ec680000)
 ParOldGen       total 68608K, used 18477K [0x00000000c0000000, 0x00000000c4300000, 0x00000000eab00000)
  object space 68608K, 26% used [0x00000000c0000000,0x00000000c120b440,0x00000000c4300000)
 Metaspace       used 34705K, committed 35840K, reserved 1114112K
  class space    used 3431K, committed 3968K, reserved 1048576K
}

Dll operation events (10 events):
Event: 0.064 Loaded shared library c:\Users\vquoc\.trae\extensions\redhat.java-1.42.0-win32-x64\jre\21.0.7-win32-x86_64\bin\java.dll
Event: 0.264 Loaded shared library c:\Users\vquoc\.trae\extensions\redhat.java-1.42.0-win32-x64\jre\21.0.7-win32-x86_64\bin\zip.dll
Event: 0.291 Loaded shared library C:\Users\vquoc\.trae\extensions\redhat.java-1.42.0-win32-x64\jre\21.0.7-win32-x86_64\bin\instrument.dll
Event: 0.298 Loaded shared library C:\Users\vquoc\.trae\extensions\redhat.java-1.42.0-win32-x64\jre\21.0.7-win32-x86_64\bin\net.dll
Event: 0.302 Loaded shared library C:\Users\vquoc\.trae\extensions\redhat.java-1.42.0-win32-x64\jre\21.0.7-win32-x86_64\bin\nio.dll
Event: 0.306 Loaded shared library C:\Users\vquoc\.trae\extensions\redhat.java-1.42.0-win32-x64\jre\21.0.7-win32-x86_64\bin\zip.dll
Event: 0.332 Loaded shared library C:\Users\vquoc\.trae\extensions\redhat.java-1.42.0-win32-x64\jre\21.0.7-win32-x86_64\bin\jimage.dll
Event: 0.441 Loaded shared library c:\Users\vquoc\.trae\extensions\redhat.java-1.42.0-win32-x64\jre\21.0.7-win32-x86_64\bin\verify.dll
Event: 2.277 Loaded shared library C:\Users\vquoc\AppData\Roaming\Trae\User\globalStorage\redhat.java\1.42.0\config_win\org.eclipse.equinox.launcher\org.eclipse.equinox.launcher.win32.win32.x86_64_1.2.1300.v20250331-1702\eclipse_11911.dll
Event: 10.962 Loaded shared library C:\Users\vquoc\AppData\Local\Temp\jna-112457838\jna13087272220456939234.dll

Deoptimization events (20 events):
Event: 13.233 Thread 0x0000016087e721f0 DEOPT PACKING pc=0x000001602e7bd31f sp=0x000000147aafdf10
Event: 13.233 Thread 0x0000016087e721f0 DEOPT UNPACKING pc=0x0000016035954242 sp=0x000000147aafd490 mode 0
Event: 13.245 Thread 0x000001608797fd50 DEOPT PACKING pc=0x000001602e832d44 sp=0x000000147a4fdc80
Event: 13.245 Thread 0x000001608797fd50 DEOPT UNPACKING pc=0x0000016035954242 sp=0x000000147a4fd210 mode 0
Event: 13.280 Thread 0x000001608797fd50 Uncommon trap: trap_request=0xffffff45 fr.pc=0x0000016036086c4c relative=0x000000000000070c
Event: 13.280 Thread 0x000001608797fd50 Uncommon trap: reason=unstable_if action=reinterpret pc=0x0000016036086c4c method=java.util.regex.Pattern$BmpCharPropertyGreedy.match(Ljava/util/regex/Matcher;ILjava/lang/CharSequence;)Z @ 12 c2
Event: 13.280 Thread 0x000001608797fd50 DEOPT PACKING pc=0x0000016036086c4c sp=0x000000147a4fd5c0
Event: 13.280 Thread 0x000001608797fd50 DEOPT UNPACKING pc=0x0000016035953aa2 sp=0x000000147a4fd488 mode 2
Event: 13.321 Thread 0x000001608797fd50 Uncommon trap: trap_request=0xffffff45 fr.pc=0x0000016036102f3c relative=0x000000000000043c
Event: 13.321 Thread 0x000001608797fd50 Uncommon trap: reason=unstable_if action=reinterpret pc=0x0000016036102f3c method=java.util.regex.Pattern$BmpCharPropertyGreedy.match(Ljava/util/regex/Matcher;ILjava/lang/CharSequence;)Z @ 12 c2
Event: 13.322 Thread 0x000001608797fd50 DEOPT PACKING pc=0x0000016036102f3c sp=0x000000147a4fe080
Event: 13.322 Thread 0x000001608797fd50 DEOPT UNPACKING pc=0x0000016035953aa2 sp=0x000000147a4fe018 mode 2
Event: 13.371 Thread 0x0000016087e721f0 Uncommon trap: trap_request=0xfffffff4 fr.pc=0x0000016036060f7c relative=0x000000000000033c
Event: 13.371 Thread 0x0000016087e721f0 Uncommon trap: reason=null_check action=make_not_entrant pc=0x0000016036060f7c method=sun.invoke.util.VerifyType.isNullConversion(Ljava/lang/Class;Ljava/lang/Class;Z)Z @ 67 c2
Event: 13.371 Thread 0x0000016087e721f0 DEOPT PACKING pc=0x0000016036060f7c sp=0x000000147aafd640
Event: 13.371 Thread 0x0000016087e721f0 DEOPT UNPACKING pc=0x0000016035953aa2 sp=0x000000147aafd5c0 mode 2
Event: 13.396 Thread 0x000001602b1df460 Uncommon trap: trap_request=0xffffff45 fr.pc=0x0000016036080ff0 relative=0x0000000000000110
Event: 13.396 Thread 0x000001602b1df460 Uncommon trap: reason=unstable_if action=reinterpret pc=0x0000016036080ff0 method=java.io.WinNTFileSystem.normalize(Ljava/lang/String;)Ljava/lang/String; @ 74 c2
Event: 13.396 Thread 0x000001602b1df460 DEOPT PACKING pc=0x0000016036080ff0 sp=0x0000001478afe510
Event: 13.396 Thread 0x000001602b1df460 DEOPT UNPACKING pc=0x0000016035953aa2 sp=0x0000001478afe4f8 mode 2

Classes loaded (20 events):
Event: 13.440 Loading class java/nio/ByteBufferAsIntBufferL done
Event: 13.441 Loading class sun/nio/ch/ThreadPool
Event: 13.441 Loading class sun/nio/ch/ThreadPool done
Event: 13.442 Loading class sun/nio/ch/Iocp$EventHandlerTask
Event: 13.443 Loading class sun/nio/ch/Iocp$EventHandlerTask done
Event: 13.443 Loading class sun/nio/ch/AsynchronousChannelGroupImpl$2
Event: 13.443 Loading class sun/nio/ch/AsynchronousChannelGroupImpl$2 done
Event: 13.443 Loading class sun/nio/ch/AsynchronousChannelGroupImpl$1
Event: 13.444 Loading class sun/nio/ch/AsynchronousChannelGroupImpl$1 done
Event: 13.444 Loading class sun/nio/ch/Invoker
Event: 13.444 Loading class sun/nio/ch/Invoker done
Event: 13.444 Loading class jdk/internal/jimage/ImageReader$Directory
Event: 13.444 Loading class sun/nio/ch/Invoker$1
Event: 13.445 Loading class jdk/internal/jimage/ImageReader$Directory done
Event: 13.445 Loading class sun/nio/ch/Invoker$1 done
Event: 13.447 Loading class sun/nio/ch/PendingIoCache
Event: 13.447 Loading class sun/nio/ch/PendingIoCache done
Event: 13.449 Loading class sun/nio/ch/Invoker$GroupAndInvokeCount
Event: 13.449 Loading class sun/nio/ch/Invoker$GroupAndInvokeCount done
Event: 13.462 Loading class java/util/concurrent/atomic/AtomicIntegerArray

Classes unloaded (7 events):
Event: 11.993 Thread 0x000001602b29ec30 Unloading class 0x000001604119cc00 'java/lang/invoke/LambdaForm$MH+0x000001604119cc00'
Event: 11.993 Thread 0x000001602b29ec30 Unloading class 0x000001604119c800 'java/lang/invoke/LambdaForm$MH+0x000001604119c800'
Event: 11.993 Thread 0x000001602b29ec30 Unloading class 0x000001604119c400 'java/lang/invoke/LambdaForm$MH+0x000001604119c400'
Event: 11.993 Thread 0x000001602b29ec30 Unloading class 0x000001604119c000 'java/lang/invoke/LambdaForm$MH+0x000001604119c000'
Event: 11.993 Thread 0x000001602b29ec30 Unloading class 0x000001604119bc00 'java/lang/invoke/LambdaForm$BMH+0x000001604119bc00'
Event: 11.993 Thread 0x000001602b29ec30 Unloading class 0x000001604119b800 'java/lang/invoke/LambdaForm$DMH+0x000001604119b800'
Event: 11.993 Thread 0x000001602b29ec30 Unloading class 0x000001604119a400 'java/lang/invoke/LambdaForm$DMH+0x000001604119a400'

Classes redefined (0 events):
No events

Internal exceptions (20 events):
Event: 13.050 Thread 0x0000016087e721f0 Exception <a 'sun/nio/fs/WindowsException'{0x00000000ebe07de0}> (0x00000000ebe07de0) 
thrown [s\src\hotspot\share\prims\jni.cpp, line 520]
Event: 13.050 Thread 0x0000016087e721f0 Exception <a 'sun/nio/fs/WindowsException'{0x00000000ebe086c0}> (0x00000000ebe086c0) 
thrown [s\src\hotspot\share\prims\jni.cpp, line 520]
Event: 13.136 Thread 0x000001608797fd50 Exception <a 'java/io/FileNotFoundException'{0x00000000eadc8a48}> (0x00000000eadc8a48) 
thrown [s\src\hotspot\share\prims\jni.cpp, line 520]
Event: 13.164 Thread 0x000001608797fd50 Exception <a 'java/lang/UnsatisfiedLinkError'{0x00000000eb06f000}: The specified procedure could not be found.
> (0x00000000eb06f000) 
thrown [s\src\hotspot\share\prims\jni.cpp, line 539]
Event: 13.165 Thread 0x0000016087e70120 Exception <a 'java/lang/NoSuchMethodError'{0x00000000eb0c8bd0}: 'java.lang.Object java.lang.invoke.DirectMethodHandle$Holder.invokeSpecialIFC(java.lang.Object, java.lang.Object, java.lang.Object, java.lang.Object)'> (0x00000000eb0c8bd0) 
thrown [s\src\hotspot\share\interpreter\linkResolver.cpp, line 773]
Event: 13.181 Thread 0x000001608797fd50 Exception <a 'java/io/FileNotFoundException'{0x00000000eb086860}> (0x00000000eb086860) 
thrown [s\src\hotspot\share\prims\jni.cpp, line 520]
Event: 13.193 Thread 0x000001608797fd50 Exception <a 'java/io/FileNotFoundException'{0x00000000eb25a0b0}> (0x00000000eb25a0b0) 
thrown [s\src\hotspot\share\prims\jni.cpp, line 520]
Event: 13.200 Thread 0x000001608797fd50 Exception <a 'java/lang/UnsatisfiedLinkError'{0x00000000eb28be80}: The specified procedure could not be found.
> (0x00000000eb28be80) 
thrown [s\src\hotspot\share\prims\jni.cpp, line 539]
Event: 13.247 Thread 0x0000016087e721f0 Exception <a 'sun/nio/fs/WindowsException'{0x00000000eb67ceb0}> (0x00000000eb67ceb0) 
thrown [s\src\hotspot\share\prims\jni.cpp, line 520]
Event: 13.247 Thread 0x0000016087e721f0 Exception <a 'sun/nio/fs/WindowsException'{0x00000000eb67d790}> (0x00000000eb67d790) 
thrown [s\src\hotspot\share\prims\jni.cpp, line 520]
Event: 13.261 Thread 0x0000016087e721f0 Exception <a 'sun/nio/fs/WindowsException'{0x00000000eb786f00}> (0x00000000eb786f00) 
thrown [s\src\hotspot\share\prims\jni.cpp, line 520]
Event: 13.261 Thread 0x0000016087e721f0 Exception <a 'sun/nio/fs/WindowsException'{0x00000000eb787530}> (0x00000000eb787530) 
thrown [s\src\hotspot\share\prims\jni.cpp, line 520]
Event: 13.281 Thread 0x0000016087e721f0 Exception <a 'sun/nio/fs/WindowsException'{0x00000000eb8ef018}> (0x00000000eb8ef018) 
thrown [s\src\hotspot\share\prims\jni.cpp, line 520]
Event: 13.281 Thread 0x0000016087e721f0 Exception <a 'sun/nio/fs/WindowsException'{0x00000000eb8ef8f8}> (0x00000000eb8ef8f8) 
thrown [s\src\hotspot\share\prims\jni.cpp, line 520]
Event: 13.340 Thread 0x0000016087e70e40 Exception <a 'java/lang/NoSuchMethodError'{0x00000000eab4c6e0}: 'void java.lang.invoke.DirectMethodHandle$Holder.invokeStaticInit(java.lang.Object, java.lang.Object, java.lang.Object, java.lang.Object)'> (0x00000000eab4c6e0) 
thrown [s\src\hotspot\share\interpreter\linkResolver.cpp, line 773]
Event: 13.371 Thread 0x0000016087e721f0 Implicit null exception at 0x0000016036060cf7 to 0x0000016036060f68
Event: 13.371 Thread 0x0000016087e721f0 Exception <a 'java/lang/NoSuchMethodError'{0x00000000eb02ecc8}: 'java.lang.Object java.lang.invoke.DelegatingMethodHandle$Holder.reinvoke_L(java.lang.Object, int, long, java.lang.Object, java.lang.Object, int, java.lang.Object)'> (0x00000000eb02ecc8) 
thrown [s\src\hotspot\share\interpreter\linkResolver.cpp, line 773]
Event: 13.390 Thread 0x000001602b1df460 Exception <a 'java/lang/NoSuchMethodError'{0x00000000eb243788}: 'java.lang.Object java.lang.invoke.DirectMethodHandle$Holder.invokeStatic(java.lang.Object, long, java.lang.Object)'> (0x00000000eb243788) 
thrown [s\src\hotspot\share\interpreter\linkResolver.cpp, line 773]
Event: 13.392 Thread 0x000001602b1df460 Exception <a 'java/lang/NoSuchMethodError'{0x00000000eb25f018}: 'java.lang.Object java.lang.invoke.DirectMethodHandle$Holder.invokeStaticInit(java.lang.Object, long, java.lang.Object)'> (0x00000000eb25f018) 
thrown [s\src\hotspot\share\interpreter\linkResolver.cpp, line 773]
Event: 13.393 Thread 0x000001602b1df460 Exception <a 'java/lang/NoSuchMethodError'{0x00000000eb2963c0}: 'java.lang.Object java.lang.invoke.DirectMethodHandle$Holder.newInvokeSpecial(java.lang.Object, long)'> (0x00000000eb2963c0) 
thrown [s\src\hotspot\share\interpreter\linkResolver.cpp, line 773]

ZGC Phase Switch (0 events):
No events

VM Operations (20 events):
Event: 13.060 Executing VM operation: HandshakeAllThreads (Deoptimize) done
Event: 13.088 Executing VM operation: ParallelGCFailedAllocation (Allocation Failure)
Event: 13.091 Executing VM operation: ParallelGCFailedAllocation (Allocation Failure) done
Event: 13.136 Executing VM operation: HandshakeAllThreads (Deoptimize)
Event: 13.136 Executing VM operation: HandshakeAllThreads (Deoptimize) done
Event: 13.329 Executing VM operation: HandshakeAllThreads (Deoptimize)
Event: 13.336 Executing VM operation: HandshakeAllThreads (Deoptimize) done
Event: 13.336 Executing VM operation: ParallelGCFailedAllocation (Allocation Failure)
Event: 13.338 Executing VM operation: ParallelGCFailedAllocation (Allocation Failure) done
Event: 13.389 Executing VM operation: HandshakeAllThreads (Deoptimize)
Event: 13.389 Executing VM operation: HandshakeAllThreads (Deoptimize) done
Event: 13.411 Executing VM operation: CollectForMetadataAllocation (Metadata GC Threshold)
Event: 13.440 Executing VM operation: CollectForMetadataAllocation (Metadata GC Threshold) done
Event: 13.440 Executing VM operation: CollectForMetadataAllocation (Metadata GC Threshold)
Event: 13.441 Executing VM operation: CollectForMetadataAllocation (Metadata GC Threshold) done
Event: 13.441 Executing VM operation: HandshakeAllThreads (Deoptimize)
Event: 13.441 Executing VM operation: HandshakeAllThreads (Deoptimize) done
Event: 13.442 Executing VM operation: HandshakeAllThreads (Deoptimize)
Event: 13.442 Executing VM operation: HandshakeAllThreads (Deoptimize) done
Event: 14.443 Executing VM operation: Cleanup

Memory protections (0 events):
No events

Nmethod flushes (20 events):
Event: 13.428 Thread 0x000001602b29ec30 flushing  nmethod 0x000001602ea75090
Event: 13.428 Thread 0x000001602b29ec30 flushing  nmethod 0x000001602ea7d690
Event: 13.428 Thread 0x000001602b29ec30 flushing  nmethod 0x000001602ea7da90
Event: 13.428 Thread 0x000001602b29ec30 flushing  nmethod 0x000001602ea7e390
Event: 13.428 Thread 0x000001602b29ec30 flushing  nmethod 0x000001602ea7f590
Event: 13.428 Thread 0x000001602b29ec30 flushing  nmethod 0x000001602ea7fd90
Event: 13.428 Thread 0x000001602b29ec30 flushing  nmethod 0x000001602ea81a90
Event: 13.428 Thread 0x000001602b29ec30 flushing  nmethod 0x000001602ea82f10
Event: 13.428 Thread 0x000001602b29ec30 flushing  nmethod 0x000001602ea84410
Event: 13.428 Thread 0x000001602b29ec30 flushing  nmethod 0x000001602ea84e10
Event: 13.428 Thread 0x000001602b29ec30 flushing  nmethod 0x000001602ea8e110
Event: 13.428 Thread 0x000001602b29ec30 flushing  nmethod 0x000001602ea90590
Event: 13.428 Thread 0x000001602b29ec30 flushing  nmethod 0x000001602eada510
Event: 13.428 Thread 0x000001602b29ec30 flushing  nmethod 0x000001602eae1710
Event: 13.428 Thread 0x000001602b29ec30 flushing  nmethod 0x000001602eae3a10
Event: 13.428 Thread 0x000001602b29ec30 flushing  nmethod 0x000001602eae9a10
Event: 13.428 Thread 0x000001602b29ec30 flushing  nmethod 0x000001602eb5fe10
Event: 13.428 Thread 0x000001602b29ec30 flushing  nmethod 0x000001602eb85790
Event: 13.428 Thread 0x000001602b29ec30 flushing  nmethod 0x000001602eb85c10
Event: 13.428 Thread 0x000001602b29ec30 flushing  nmethod 0x000001602eb9d910

Events (20 events):
Event: 12.270 Thread 0x00000160826b3eb0 Thread added: 0x0000016082a8d5c0
Event: 12.824 Thread 0x000001608797fd50 Thread added: 0x0000016087e6fa90
Event: 12.998 Thread 0x0000016087e72880 Thread added: 0x0000016087e70120
Event: 13.245 Thread 0x0000016087e72880 Thread added: 0x0000016087e70e40
Event: 13.284 Thread 0x0000016087e70e40 Thread added: 0x0000016088001340
Event: 13.301 Thread 0x0000016088001340 Thread added: 0x0000016087fff900
Event: 13.443 Thread 0x000001602b1df460 Thread added: 0x0000016087ffebe0
Event: 13.444 Thread 0x000001602b1df460 Thread added: 0x0000016088000620
Event: 13.444 Thread 0x000001602b1df460 Thread added: 0x0000016087ffff90
Event: 13.445 Thread 0x000001602b1df460 Thread added: 0x0000016087fff270
Event: 13.445 Thread 0x000001602b1df460 Thread added: 0x0000016088000cb0
Event: 13.445 Thread 0x000001602b1df460 Thread added: 0x00000160880019d0
Event: 13.446 Thread 0x000001602b1df460 Thread added: 0x0000016087ffe550
Event: 13.446 Thread 0x000001602b1df460 Thread added: 0x0000016088003aa0
Event: 13.446 Thread 0x000001602b1df460 Thread added: 0x00000160880054e0
Event: 13.446 Thread 0x000001602b1df460 Thread added: 0x0000016088002060
Event: 13.446 Thread 0x000001602b1df460 Thread added: 0x0000016088004e50
Event: 13.447 Thread 0x000001602b1df460 Thread added: 0x00000160880026f0
Event: 13.447 Thread 0x000001602b1df460 Thread added: 0x0000016088005b70
Event: 13.469 Thread 0x000001602b1df460 Thread added: 0x0000016088002d80


Dynamic libraries:
0x00007ff6aa800000 - 0x00007ff6aa80e000 	c:\Users\vquoc\.trae\extensions\redhat.java-1.42.0-win32-x64\jre\21.0.7-win32-x86_64\bin\java.exe
0x00007ffcf9be0000 - 0x00007ffcf9e45000 	C:\WINDOWS\SYSTEM32\ntdll.dll
0x00007ffcf86c0000 - 0x00007ffcf8789000 	C:\WINDOWS\System32\KERNEL32.DLL
0x00007ffcf7140000 - 0x00007ffcf7528000 	C:\WINDOWS\System32\KERNELBASE.dll
0x00007ffcf6d30000 - 0x00007ffcf6e7b000 	C:\WINDOWS\System32\ucrtbase.dll
0x00007ffcb52a0000 - 0x00007ffcb52b8000 	c:\Users\vquoc\.trae\extensions\redhat.java-1.42.0-win32-x64\jre\21.0.7-win32-x86_64\bin\jli.dll
0x00007ffcf7c10000 - 0x00007ffcf7dda000 	C:\WINDOWS\System32\USER32.dll
0x00007ffcf7530000 - 0x00007ffcf7557000 	C:\WINDOWS\System32\win32u.dll
0x00007ffcf8f60000 - 0x00007ffcf8f8b000 	C:\WINDOWS\System32\GDI32.dll
0x00007ffcf6e80000 - 0x00007ffcf6fb7000 	C:\WINDOWS\System32\gdi32full.dll
0x00007ffcf76b0000 - 0x00007ffcf7753000 	C:\WINDOWS\System32\msvcp_win.dll
0x00007ffcb4bb0000 - 0x00007ffcb4bce000 	c:\Users\vquoc\.trae\extensions\redhat.java-1.42.0-win32-x64\jre\21.0.7-win32-x86_64\bin\VCRUNTIME140.dll
0x00007ffccdb50000 - 0x00007ffccddea000 	C:\WINDOWS\WinSxS\amd64_microsoft.windows.common-controls_6595b64144ccf1df_6.0.26100.4202_none_3e0698d4e335f517\COMCTL32.dll
0x00007ffcf8960000 - 0x00007ffcf8a09000 	C:\WINDOWS\System32\msvcrt.dll
0x00007ffcf8920000 - 0x00007ffcf8950000 	C:\WINDOWS\System32\IMM32.DLL
0x00007ffceedb0000 - 0x00007ffceedbc000 	c:\Users\vquoc\.trae\extensions\redhat.java-1.42.0-win32-x64\jre\21.0.7-win32-x86_64\bin\vcruntime140_1.dll
0x00007ffc46f40000 - 0x00007ffc46fcd000 	c:\Users\vquoc\.trae\extensions\redhat.java-1.42.0-win32-x64\jre\21.0.7-win32-x86_64\bin\msvcp140.dll
0x00007ffc43370000 - 0x00007ffc44100000 	c:\Users\vquoc\.trae\extensions\redhat.java-1.42.0-win32-x64\jre\21.0.7-win32-x86_64\bin\server\jvm.dll
0x00007ffcf8a10000 - 0x00007ffcf8ac3000 	C:\WINDOWS\System32\ADVAPI32.dll
0x00007ffcf8610000 - 0x00007ffcf86b6000 	C:\WINDOWS\System32\sechost.dll
0x00007ffcf7af0000 - 0x00007ffcf7c05000 	C:\WINDOWS\System32\RPCRT4.dll
0x00007ffcf81e0000 - 0x00007ffcf8254000 	C:\WINDOWS\System32\WS2_32.dll
0x00007ffcf5910000 - 0x00007ffcf596e000 	C:\WINDOWS\SYSTEM32\POWRPROF.dll
0x00007ffcebe40000 - 0x00007ffcebe75000 	C:\WINDOWS\SYSTEM32\WINMM.dll
0x00007ffceef50000 - 0x00007ffceef5b000 	C:\WINDOWS\SYSTEM32\VERSION.dll
0x00007ffcf58f0000 - 0x00007ffcf5904000 	C:\WINDOWS\SYSTEM32\UMPDC.dll
0x00007ffcf5bd0000 - 0x00007ffcf5beb000 	C:\WINDOWS\SYSTEM32\kernel.appcore.dll
0x00007ffcedba0000 - 0x00007ffcedbaa000 	c:\Users\vquoc\.trae\extensions\redhat.java-1.42.0-win32-x64\jre\21.0.7-win32-x86_64\bin\jimage.dll
0x00007ffcf4210000 - 0x00007ffcf4451000 	C:\WINDOWS\SYSTEM32\DBGHELP.DLL
0x00007ffcf8260000 - 0x00007ffcf85e5000 	C:\WINDOWS\System32\combase.dll
0x00007ffcf8830000 - 0x00007ffcf8911000 	C:\WINDOWS\System32\OLEAUT32.dll
0x00007ffcbff60000 - 0x00007ffcbff99000 	C:\WINDOWS\SYSTEM32\dbgcore.DLL
0x00007ffcf78e0000 - 0x00007ffcf7979000 	C:\WINDOWS\System32\bcryptPrimitives.dll
0x00007ffcedb80000 - 0x00007ffcedb8f000 	c:\Users\vquoc\.trae\extensions\redhat.java-1.42.0-win32-x64\jre\21.0.7-win32-x86_64\bin\instrument.dll
0x00007ffcebe20000 - 0x00007ffcebe3f000 	c:\Users\vquoc\.trae\extensions\redhat.java-1.42.0-win32-x64\jre\21.0.7-win32-x86_64\bin\java.dll
0x00007ffcf90b0000 - 0x00007ffcf97f2000 	C:\WINDOWS\System32\SHELL32.dll
0x00007ffcf7760000 - 0x00007ffcf78d4000 	C:\WINDOWS\System32\wintypes.dll
0x00007ffcf4970000 - 0x00007ffcf51c7000 	C:\WINDOWS\SYSTEM32\windows.storage.dll
0x00007ffcf9870000 - 0x00007ffcf9961000 	C:\WINDOWS\System32\SHCORE.dll
0x00007ffcf9800000 - 0x00007ffcf986a000 	C:\WINDOWS\System32\shlwapi.dll
0x00007ffcf6c40000 - 0x00007ffcf6c6f000 	C:\WINDOWS\SYSTEM32\profapi.dll
0x00007ffcced00000 - 0x00007ffcced18000 	c:\Users\vquoc\.trae\extensions\redhat.java-1.42.0-win32-x64\jre\21.0.7-win32-x86_64\bin\zip.dll
0x00007ffccecf0000 - 0x00007ffcced00000 	C:\Users\vquoc\.trae\extensions\redhat.java-1.42.0-win32-x64\jre\21.0.7-win32-x86_64\bin\net.dll
0x00007ffceec80000 - 0x00007ffceed9e000 	C:\WINDOWS\SYSTEM32\WINHTTP.dll
0x00007ffcf6120000 - 0x00007ffcf618a000 	C:\WINDOWS\system32\mswsock.dll
0x00007ffccecd0000 - 0x00007ffccece6000 	C:\Users\vquoc\.trae\extensions\redhat.java-1.42.0-win32-x64\jre\21.0.7-win32-x86_64\bin\nio.dll
0x00007ffccea70000 - 0x00007ffccea80000 	c:\Users\vquoc\.trae\extensions\redhat.java-1.42.0-win32-x64\jre\21.0.7-win32-x86_64\bin\verify.dll
0x00007ffc34c50000 - 0x00007ffc34c95000 	C:\Users\vquoc\AppData\Roaming\Trae\User\globalStorage\redhat.java\1.42.0\config_win\org.eclipse.equinox.launcher\org.eclipse.equinox.launcher.win32.win32.x86_64_1.2.1300.v20250331-1702\eclipse_11911.dll
0x00007ffcf7de0000 - 0x00007ffcf7f7e000 	C:\WINDOWS\System32\ole32.dll
0x00007ffcf6500000 - 0x00007ffcf651b000 	C:\WINDOWS\SYSTEM32\CRYPTSP.dll
0x00007ffcf5b30000 - 0x00007ffcf5b6a000 	C:\WINDOWS\system32\rsaenh.dll
0x00007ffcf61c0000 - 0x00007ffcf61eb000 	C:\WINDOWS\SYSTEM32\USERENV.dll
0x00007ffcf6c10000 - 0x00007ffcf6c36000 	C:\WINDOWS\SYSTEM32\bcrypt.dll
0x00007ffcf6360000 - 0x00007ffcf636c000 	C:\WINDOWS\SYSTEM32\CRYPTBASE.dll
0x00007ffcf5600000 - 0x00007ffcf5633000 	C:\WINDOWS\SYSTEM32\IPHLPAPI.DLL
0x00007ffcf8820000 - 0x00007ffcf882a000 	C:\WINDOWS\System32\NSI.dll
0x00007ffc94050000 - 0x00007ffc94099000 	C:\Users\vquoc\AppData\Local\Temp\jna-112457838\jna13087272220456939234.dll
0x00007ffcf80d0000 - 0x00007ffcf80d8000 	C:\WINDOWS\System32\PSAPI.DLL
0x00007ffceef20000 - 0x00007ffceef3f000 	C:\WINDOWS\SYSTEM32\dhcpcsvc6.DLL
0x00007ffceef60000 - 0x00007ffceef85000 	C:\WINDOWS\SYSTEM32\dhcpcsvc.DLL

dbghelp: loaded successfully - version: 4.0.5 - missing functions: none
symbol engine: initialized successfully - sym options: 0x614 - pdb path: .;c:\Users\vquoc\.trae\extensions\redhat.java-1.42.0-win32-x64\jre\21.0.7-win32-x86_64\bin;C:\WINDOWS\SYSTEM32;C:\WINDOWS\WinSxS\amd64_microsoft.windows.common-controls_6595b64144ccf1df_6.0.26100.4202_none_3e0698d4e335f517;c:\Users\vquoc\.trae\extensions\redhat.java-1.42.0-win32-x64\jre\21.0.7-win32-x86_64\bin\server;C:\Users\vquoc\AppData\Roaming\Trae\User\globalStorage\redhat.java\1.42.0\config_win\org.eclipse.equinox.launcher\org.eclipse.equinox.launcher.win32.win32.x86_64_1.2.1300.v20250331-1702;C:\Users\vquoc\AppData\Local\Temp\jna-112457838

VM Arguments:
jvm_args: --add-modules=ALL-SYSTEM --add-opens=java.base/java.util=ALL-UNNAMED --add-opens=java.base/java.lang=ALL-UNNAMED --add-opens=java.base/sun.nio.fs=ALL-UNNAMED -Declipse.application=org.eclipse.jdt.ls.core.id1 -Dosgi.bundles.defaultStartLevel=4 -Declipse.product=org.eclipse.jdt.ls.core.product -Djava.import.generatesMetadataFilesAtProjectRoot=false -DDetectVMInstallationsJob.disabled=true -Dfile.encoding=utf8 -XX:+UseParallelGC -XX:GCTimeRatio=4 -XX:AdaptiveSizePolicyWeight=90 -Dsun.zip.disableMemoryMapping=true -Xmx1G -Xms100m -Xlog:disable -javaagent:c:\Users\vquoc\.trae\extensions\redhat.java-1.42.0-win32-x64\lombok\lombok-1.18.36.jar -XX:+HeapDumpOnOutOfMemoryError -XX:HeapDumpPath=c:\Users\vquoc\AppData\Roaming\Trae\User\workspaceStorage\f2c5a85be67d5603d603d903a5f5e535\redhat.java -Daether.dependencyCollector.impl=bf 
java_command: c:\Users\vquoc\.trae\extensions\redhat.java-1.42.0-win32-x64\server\plugins\org.eclipse.equinox.launcher_1.7.0.v20250424-1814.jar -configuration c:\Users\vquoc\AppData\Roaming\Trae\User\globalStorage\redhat.java\1.42.0\config_win -data c:\Users\vquoc\AppData\Roaming\Trae\User\workspaceStorage\f2c5a85be67d5603d603d903a5f5e535\redhat.java\jdt_ws --pipe=\\.\pipe\lsp-a52d11525119e35540caf358ec29dfb2-sock
java_class_path (initial): c:\Users\vquoc\.trae\extensions\redhat.java-1.42.0-win32-x64\server\plugins\org.eclipse.equinox.launcher_1.7.0.v20250424-1814.jar
Launcher Type: SUN_STANDARD

[Global flags]
    uintx AdaptiveSizePolicyWeight                 = 90                                        {product} {command line}
     intx CICompilerCount                          = 4                                         {product} {ergonomic}
    uintx GCTimeRatio                              = 4                                         {product} {command line}
     bool HeapDumpOnOutOfMemoryError               = true                                   {manageable} {command line}
    ccstr HeapDumpPath                             = c:\Users\vquoc\AppData\Roaming\Trae\User\workspaceStorage\f2c5a85be67d5603d603d903a5f5e535\redhat.java         {manageable} {command line}
   size_t InitialHeapSize                          = 104857600                                 {product} {command line}
   size_t MaxHeapSize                              = 1073741824                                {product} {command line}
   size_t MaxNewSize                               = 357564416                                 {product} {ergonomic}
   size_t MinHeapDeltaBytes                        = 524288                                    {product} {ergonomic}
   size_t MinHeapSize                              = 104857600                                 {product} {command line}
   size_t NewSize                                  = 34603008                                  {product} {ergonomic}
    uintx NonNMethodCodeHeapSize                   = 5839372                                {pd product} {ergonomic}
    uintx NonProfiledCodeHeapSize                  = 122909434                              {pd product} {ergonomic}
   size_t OldSize                                  = 70254592                                  {product} {ergonomic}
    uintx ProfiledCodeHeapSize                     = 122909434                              {pd product} {ergonomic}
    uintx ReservedCodeCacheSize                    = 251658240                              {pd product} {ergonomic}
     bool SegmentedCodeCache                       = true                                      {product} {ergonomic}
   size_t SoftMaxHeapSize                          = 1073741824                             {manageable} {ergonomic}
     bool UseCompressedOops                        = true                           {product lp64_product} {ergonomic}
     bool UseLargePagesIndividualAllocation        = false                                  {pd product} {ergonomic}
     bool UseParallelGC                            = true                                      {product} {command line}

Logging:
Log output configuration:
 #0: stdout all=off uptime,level,tags foldmultilines=false
 #1: stderr all=off uptime,level,tags foldmultilines=false

Environment Variables:
JAVA_HOME=C:\Program Files\Java\jdk-21
PATH=C:\Program Files\Java\jdk-21\bin;C:\Users\vquoc\.trae\tools\maven\latest\bin;C:\Users\vquoc\.trae\tools\gradle\latest\bin;c:\Users\vquoc\.trae\sdks\workspaces\f2c5a85b\versions\node\current;c:\Users\vquoc\.trae\sdks\versions\node\current;C:\Program Files\Common Files\Oracle\Java\javapath;C:\WINDOWS\system32;C:\WINDOWS;C:\WINDOWS\System32\Wbem;C:\WINDOWS\System32\WindowsPowerShell\v1.0\;C:\WINDOWS\System32\OpenSSH\;C:\Program Files\dotnet\;C:\Program Files\usbipd-win\;C:\Program Files\nodejs\;C:\Program Files\Cloudflare\Cloudflare WARP\;C:\Program Files (x86)\Microsoft SQL Server\160\Tools\Binn\;C:\Program Files\Microsoft SQL Server\160\Tools\Binn\;C:\Program Files\Microsoft SQL Server\Client SDK\ODBC\170\Tools\Binn\;C:\Program Files\Microsoft SQL Server\160\DTS\Binn\;C:\Program Files\NVIDIA Corporation\NVIDIA App\NvDLISR;C:\Program Files (x86)\NVIDIA Corporation\PhysX\Common;C:\Program Files\Git\cmd;C:\Users\vquoc\scoop\apps\maven\current\bin;C:\Users\vquoc\scoop\shims;C:\Users\vquoc\AppData\Local\Microsoft\WindowsApps;C:\Users\vquoc\AppData\Roaming\npm;C:\Users\vquoc\AppData\Local\GitHubDesktop\bin;c:\Users\vquoc\AppData\Local\Programs\Trae\resources\app\bin\lib
USERNAME=vquoc
OS=Windows_NT
PROCESSOR_IDENTIFIER=Intel64 Family 6 Model 154 Stepping 3, GenuineIntel
TMP=C:\Users\vquoc\AppData\Local\Temp
TEMP=C:\Users\vquoc\AppData\Local\Temp




Periodic native trim disabled

---------------  S Y S T E M  ---------------

OS:
 Windows 11 , 64 bit Build 26100 (10.0.26100.4202)
OS uptime: 0 days 0:02 hours
Hyper-V role detected

CPU: total 12 (initial active 12) (6 cores per cpu, 2 threads per core) family 6 model 154 stepping 3 microcode 0x429, cx8, cmov, fxsr, ht, mmx, 3dnowpref, sse, sse2, sse3, ssse3, sse4.1, sse4.2, popcnt, lzcnt, tsc, tscinvbit, avx, avx2, aes, erms, clmul, bmi1, bmi2, adx, sha, fma, vzeroupper, clflush, clflushopt, clwb, hv, serialize, rdtscp, rdpid, fsrm, f16c, cet_ibt, cet_ss
Processor Information for processor 0
  Max Mhz: 2000, Current Mhz: 1520, Mhz Limit: 2000
Processor Information for processor 1
  Max Mhz: 2000, Current Mhz: 2000, Mhz Limit: 2000
Processor Information for processor 2
  Max Mhz: 2000, Current Mhz: 2000, Mhz Limit: 2000
Processor Information for processor 3
  Max Mhz: 2000, Current Mhz: 2000, Mhz Limit: 2000
Processor Information for processor 4
  Max Mhz: 2000, Current Mhz: 2000, Mhz Limit: 2000
Processor Information for processor 5
  Max Mhz: 2000, Current Mhz: 2000, Mhz Limit: 2000
Processor Information for processor 6
  Max Mhz: 2000, Current Mhz: 2000, Mhz Limit: 2000
Processor Information for processor 7
  Max Mhz: 2000, Current Mhz: 1520, Mhz Limit: 2000
Processor Information for processor 8
  Max Mhz: 2000, Current Mhz: 2000, Mhz Limit: 2000
Processor Information for processor 9
  Max Mhz: 2000, Current Mhz: 2000, Mhz Limit: 2000
Processor Information for processor 10
  Max Mhz: 2000, Current Mhz: 2000, Mhz Limit: 2000
Processor Information for processor 11
  Max Mhz: 2000, Current Mhz: 2000, Mhz Limit: 2000

Memory: 4k page, system-wide physical 24193M (10948M free)
TotalPageFile size 28113M (AvailPageFile size 300M)
current process WorkingSet (physical memory assigned to process): 202M, peak: 202M
current process commit charge ("private bytes"): 295M, peak: 296M

vm_info: OpenJDK 64-Bit Server VM (21.0.7+6-LTS) for windows-amd64 JRE (21.0.7+6-LTS), built on 2025-04-15T00:00:00Z by "admin" with MS VC++ 17.7 (VS2022)

END.
