#
# There is insufficient memory for the Java Runtime Environment to continue.
# Native memory allocation (malloc) failed to allocate 1175376 bytes. Error detail: Chunk::new
# Possible reasons:
#   The system is out of physical RAM or swap space
#   This process is running with CompressedOops enabled, and the Java Heap may be blocking the growth of the native heap
# Possible solutions:
#   Reduce memory load on the system
#   Increase physical memory or swap space
#   Check if swap backing store is full
#   Decrease Java heap size (-Xmx/-Xms)
#   Decrease number of Java threads
#   Decrease Java thread stack sizes (-Xss)
#   Set larger code cache with -XX:ReservedCodeCacheSize=
#   JVM is running with Unscaled Compressed Oops mode in which the Java heap is
#     placed in the first 4GB address space. The Java Heap base address is the
#     maximum limit for the native heap growth. Please use -XX:HeapBaseMinAddress
#     to set the Java Heap base and to place the Java Heap above 4GB virtual address.
# This output file may be truncated or incomplete.
#
#  Out of Memory Error (arena.cpp:168), pid=23100, tid=6688
#
# JRE version: OpenJDK Runtime Environment Temurin-21.0.7+6 (21.0.7+6) (build 21.0.7+6-LTS)
# Java VM: OpenJDK 64-Bit Server VM Temurin-21.0.7+6 (21.0.7+6-LTS, mixed mode, sharing, tiered, compressed oops, compressed class ptrs, parallel gc, windows-amd64)
# No core dump will be written. Minidumps are not enabled by default on client versions of Windows
#

---------------  S U M M A R Y ------------

Command Line: --add-modules=ALL-SYSTEM --add-opens=java.base/java.util=ALL-UNNAMED --add-opens=java.base/java.lang=ALL-UNNAMED --add-opens=java.base/sun.nio.fs=ALL-UNNAMED -Declipse.application=org.eclipse.jdt.ls.core.id1 -Dosgi.bundles.defaultStartLevel=4 -Declipse.product=org.eclipse.jdt.ls.core.product -Djava.import.generatesMetadataFilesAtProjectRoot=false -DDetectVMInstallationsJob.disabled=true -Dfile.encoding=utf8 -XX:+UseParallelGC -XX:GCTimeRatio=4 -XX:AdaptiveSizePolicyWeight=90 -Dsun.zip.disableMemoryMapping=true -Xmx1G -Xms100m -Xlog:disable -javaagent:c:\Users\vquoc\.trae\extensions\redhat.java-1.42.0-win32-x64\lombok\lombok-1.18.36.jar -XX:+HeapDumpOnOutOfMemoryError -XX:HeapDumpPath=c:\Users\vquoc\AppData\Roaming\Trae\User\workspaceStorage\f2c5a85be67d5603d603d903a5f5e535\redhat.java -Daether.dependencyCollector.impl=bf c:\Users\vquoc\.trae\extensions\redhat.java-1.42.0-win32-x64\server\plugins\org.eclipse.equinox.launcher_1.7.0.v20250424-1814.jar -configuration c:\Users\vquoc\AppData\Roaming\Trae\User\globalStorage\redhat.java\1.42.0\config_win -data c:\Users\vquoc\AppData\Roaming\Trae\User\workspaceStorage\f2c5a85be67d5603d603d903a5f5e535\redhat.java\jdt_ws --pipe=\\.\pipe\lsp-275dc6f5bde4b729fb0b4846535b0db5-sock

Host: 12th Gen Intel(R) Core(TM) i5-12450H, 12 cores, 23G,  Windows 11 , 64 bit Build 26100 (10.0.26100.4202)
Time: Wed Jun  4 23:11:56 2025 SE Asia Standard Time elapsed time: 16.016915 seconds (0d 0h 0m 16s)

---------------  T H R E A D  ---------------

Current thread (0x0000026e6c00f7c0):  JavaThread "C2 CompilerThread0" daemon [_thread_in_native, id=6688, stack(0x00000095ae600000,0x00000095ae700000) (1024K)]


Current CompileTask:
C2:16016 11975       4       org.lombokweb.asm.SymbolTable::<init> (536 bytes)

Stack: [0x00000095ae600000,0x00000095ae700000]
Native frames: (J=compiled Java code, j=interpreted, Vv=VM code, C=native code)
V  [jvm.dll+0x6ce119]
V  [jvm.dll+0x8a84a1]
V  [jvm.dll+0x8aa9ce]
V  [jvm.dll+0x8ab0b3]
V  [jvm.dll+0x27f8a6]
V  [jvm.dll+0xc507d]
V  [jvm.dll+0xc55b3]
V  [jvm.dll+0x2f2c6d]
V  [jvm.dll+0x5f6bca]
V  [jvm.dll+0x250cb2]
V  [jvm.dll+0x25106f]
V  [jvm.dll+0x249934]
V  [jvm.dll+0x246fc4]
V  [jvm.dll+0x1c760e]
V  [jvm.dll+0x25695a]
V  [jvm.dll+0x254efa]
V  [jvm.dll+0x3f03f6]
V  [jvm.dll+0x851f6b]
V  [jvm.dll+0x6cc7dd]
C  [ucrtbase.dll+0x37b0]
C  [KERNEL32.DLL+0x2e8d7]
C  [ntdll.dll+0x3c34c]


---------------  P R O C E S S  ---------------

Threads class SMR info:
_java_thread_list=0x0000026e6e3a4f90, length=79, elements={
0x0000026e10a2f740, 0x0000026e6c0044b0, 0x0000026e6c0065d0, 0x0000026e6c0070c0,
0x0000026e6c007f60, 0x0000026e6c00be00, 0x0000026e6c00c850, 0x0000026e6c00f7c0,
0x0000026e6c093090, 0x0000026e6c0c6910, 0x0000026e6c202ec0, 0x0000026e6c35bb60,
0x0000026e6ca9dca0, 0x0000026e6cee09f0, 0x0000026e6cdf7310, 0x0000026e6cfd3720,
0x0000026e6d2a96f0, 0x0000026e6d0d02b0, 0x0000026e6ce7f7a0, 0x0000026e6ce7ea80,
0x0000026e6ce811e0, 0x0000026e6ce81870, 0x0000026e6ce7e3f0, 0x0000026e6ce7f110,
0x0000026e6ce7fe30, 0x0000026e6ce80b50, 0x0000026e6ce804c0, 0x0000026e7091bbf0,
0x0000026e7091b560, 0x0000026e7091c280, 0x0000026e7091c910, 0x0000026e7091aed0,
0x0000026e70919490, 0x0000026e7091cfa0, 0x0000026e7091a1b0, 0x0000026e70919b20,
0x0000026e7091d630, 0x0000026e7091dcc0, 0x0000026e7091a840, 0x0000026e70920ab0,
0x0000026e7091e350, 0x0000026e7091e9e0, 0x0000026e7091fd90, 0x0000026e7091f700,
0x0000026e70920420, 0x0000026e6ecdf640, 0x0000026e6ecdfcd0, 0x0000026e6ece3150,
0x0000026e6ece0360, 0x0000026e6ece3e70, 0x0000026e6ece37e0, 0x0000026e6ece1da0,
0x0000026e6ece1710, 0x0000026e6ece09f0, 0x0000026e6ece4500, 0x0000026e6ece1080,
0x0000026e6ece2430, 0x0000026e6ece4b90, 0x0000026e6ece58b0, 0x0000026e6ece5220,
0x0000026e6ece65d0, 0x0000026e6ece5f40, 0x0000026e70a4bb20, 0x0000026e70a4ae00,
0x0000026e70a4ced0, 0x0000026e70a4c840, 0x0000026e70a4b490, 0x0000026e70a4c1b0,
0x0000026e70a4a0e0, 0x0000026e70a4a770, 0x0000026e70a4f630, 0x0000026e70a4fcc0,
0x0000026e70a50350, 0x0000026e70a4e910, 0x0000026e70a4efa0, 0x0000026e70a51070,
0x0000026e70a4dbf0, 0x0000026e711d1d00, 0x0000026e711cf5a0
}

Java Threads: ( => current thread )
  0x0000026e10a2f740 JavaThread "main"                              [_thread_blocked, id=4132, stack(0x00000095adc00000,0x00000095add00000) (1024K)]
  0x0000026e6c0044b0 JavaThread "Reference Handler"          daemon [_thread_blocked, id=23900, stack(0x00000095ae000000,0x00000095ae100000) (1024K)]
  0x0000026e6c0065d0 JavaThread "Finalizer"                  daemon [_thread_blocked, id=20064, stack(0x00000095ae100000,0x00000095ae200000) (1024K)]
  0x0000026e6c0070c0 JavaThread "Signal Dispatcher"          daemon [_thread_blocked, id=23092, stack(0x00000095ae200000,0x00000095ae300000) (1024K)]
  0x0000026e6c007f60 JavaThread "Attach Listener"            daemon [_thread_blocked, id=5048, stack(0x00000095ae300000,0x00000095ae400000) (1024K)]
  0x0000026e6c00be00 JavaThread "Service Thread"             daemon [_thread_blocked, id=23444, stack(0x00000095ae400000,0x00000095ae500000) (1024K)]
  0x0000026e6c00c850 JavaThread "Monitor Deflation Thread"   daemon [_thread_blocked, id=5348, stack(0x00000095ae500000,0x00000095ae600000) (1024K)]
=>0x0000026e6c00f7c0 JavaThread "C2 CompilerThread0"         daemon [_thread_in_native, id=6688, stack(0x00000095ae600000,0x00000095ae700000) (1024K)]
  0x0000026e6c093090 JavaThread "C1 CompilerThread0"         daemon [_thread_in_native, id=12380, stack(0x00000095ae700000,0x00000095ae800000) (1024K)]
  0x0000026e6c0c6910 JavaThread "Common-Cleaner"             daemon [_thread_blocked, id=2240, stack(0x00000095ae800000,0x00000095ae900000) (1024K)]
  0x0000026e6c202ec0 JavaThread "C2 CompilerThread1"         daemon [_thread_in_native, id=11652, stack(0x00000095ae900000,0x00000095aea00000) (1024K)]
  0x0000026e6c35bb60 JavaThread "Notification Thread"        daemon [_thread_blocked, id=17588, stack(0x00000095aea00000,0x00000095aeb00000) (1024K)]
  0x0000026e6ca9dca0 JavaThread "Active Thread: Equinox Container: c6b9c667-407e-4b09-8d99-e37d8b7f5742"        [_thread_blocked, id=23464, stack(0x00000095af200000,0x00000095af300000) (1024K)]
  0x0000026e6cee09f0 JavaThread "Refresh Thread: Equinox Container: c6b9c667-407e-4b09-8d99-e37d8b7f5742" daemon [_thread_blocked, id=20232, stack(0x00000095af300000,0x00000095af400000) (1024K)]
  0x0000026e6cdf7310 JavaThread "Framework Event Dispatcher: Equinox Container: c6b9c667-407e-4b09-8d99-e37d8b7f5742" daemon [_thread_blocked, id=14796, stack(0x00000095af500000,0x00000095af600000) (1024K)]
  0x0000026e6cfd3720 JavaThread "Start Level: Equinox Container: c6b9c667-407e-4b09-8d99-e37d8b7f5742" daemon [_thread_blocked, id=18852, stack(0x00000095af600000,0x00000095af700000) (1024K)]
  0x0000026e6d2a96f0 JavaThread "Bundle File Closer"         daemon [_thread_blocked, id=21848, stack(0x00000095af900000,0x00000095afa00000) (1024K)]
  0x0000026e6d0d02b0 JavaThread "SCR Component Actor"        daemon [_thread_blocked, id=22592, stack(0x00000095afa00000,0x00000095afb00000) (1024K)]
  0x0000026e6ce7f7a0 JavaThread "Worker-JM"                         [_thread_blocked, id=23728, stack(0x00000095afc00000,0x00000095afd00000) (1024K)]
  0x0000026e6ce7ea80 JavaThread "JNA Cleaner"                daemon [_thread_blocked, id=18448, stack(0x00000095aeb00000,0x00000095aec00000) (1024K)]
  0x0000026e6ce811e0 JavaThread "Worker-0"                          [_thread_blocked, id=19280, stack(0x00000095afd00000,0x00000095afe00000) (1024K)]
  0x0000026e6ce81870 JavaThread "Worker-1"                          [_thread_blocked, id=17320, stack(0x00000095afe00000,0x00000095aff00000) (1024K)]
  0x0000026e6ce7e3f0 JavaThread "Worker-2"                          [_thread_blocked, id=3696, stack(0x00000095aff00000,0x00000095b0000000) (1024K)]
  0x0000026e6ce7f110 JavaThread "Java indexing"              daemon [_thread_in_Java, id=23664, stack(0x00000095b0000000,0x00000095b0100000) (1024K)]
  0x0000026e6ce7fe30 JavaThread "Worker-3"                          [_thread_blocked, id=20932, stack(0x00000095b0200000,0x00000095b0300000) (1024K)]
  0x0000026e6ce80b50 JavaThread "Worker-4"                          [_thread_blocked, id=23012, stack(0x00000095b0600000,0x00000095b0700000) (1024K)]
  0x0000026e6ce804c0 JavaThread "Worker-5: Java indexing... "        [_thread_blocked, id=22124, stack(0x00000095b0700000,0x00000095b0800000) (1024K)]
  0x0000026e7091bbf0 JavaThread "Thread-2"                   daemon [_thread_in_native, id=24160, stack(0x00000095b0800000,0x00000095b0900000) (1024K)]
  0x0000026e7091b560 JavaThread "Thread-3"                   daemon [_thread_in_native, id=18576, stack(0x00000095b0900000,0x00000095b0a00000) (1024K)]
  0x0000026e7091c280 JavaThread "Thread-4"                   daemon [_thread_in_native, id=15580, stack(0x00000095b0a00000,0x00000095b0b00000) (1024K)]
  0x0000026e7091c910 JavaThread "Thread-5"                   daemon [_thread_in_native, id=22076, stack(0x00000095b0b00000,0x00000095b0c00000) (1024K)]
  0x0000026e7091aed0 JavaThread "Thread-6"                   daemon [_thread_in_native, id=13868, stack(0x00000095b0c00000,0x00000095b0d00000) (1024K)]
  0x0000026e70919490 JavaThread "Thread-7"                   daemon [_thread_in_native, id=4180, stack(0x00000095b0d00000,0x00000095b0e00000) (1024K)]
  0x0000026e7091cfa0 JavaThread "Thread-8"                   daemon [_thread_in_native, id=22824, stack(0x00000095b0e00000,0x00000095b0f00000) (1024K)]
  0x0000026e7091a1b0 JavaThread "Thread-9"                   daemon [_thread_in_native, id=21500, stack(0x00000095b0f00000,0x00000095b1000000) (1024K)]
  0x0000026e70919b20 JavaThread "Thread-10"                  daemon [_thread_in_native, id=15328, stack(0x00000095b1000000,0x00000095b1100000) (1024K)]
  0x0000026e7091d630 JavaThread "Thread-11"                  daemon [_thread_in_native, id=9348, stack(0x00000095b1100000,0x00000095b1200000) (1024K)]
  0x0000026e7091dcc0 JavaThread "Thread-12"                  daemon [_thread_in_native, id=21484, stack(0x00000095b1200000,0x00000095b1300000) (1024K)]
  0x0000026e7091a840 JavaThread "Thread-13"                  daemon [_thread_in_native, id=24360, stack(0x00000095b1300000,0x00000095b1400000) (1024K)]
  0x0000026e70920ab0 JavaThread "Thread-14"                  daemon [_thread_in_native, id=1456, stack(0x00000095b1400000,0x00000095b1500000) (1024K)]
  0x0000026e7091e350 JavaThread "pool-2-thread-1"                   [_thread_blocked, id=7960, stack(0x00000095b1500000,0x00000095b1600000) (1024K)]
  0x0000026e7091e9e0 JavaThread "WorkspaceEventsHandler"            [_thread_blocked, id=14680, stack(0x00000095b1600000,0x00000095b1700000) (1024K)]
  0x0000026e7091fd90 JavaThread "pool-1-thread-1"                   [_thread_in_vm, id=20524, stack(0x00000095b1700000,0x00000095b1800000) (1024K)]
  0x0000026e7091f700 JavaThread "Worker-6: Initialize workspace"        [_thread_blocked, id=18504, stack(0x00000095b1800000,0x00000095b1900000) (1024K)]
  0x0000026e70920420 JavaThread "Worker-7"                          [_thread_blocked, id=24068, stack(0x00000095b1900000,0x00000095b1a00000) (1024K)]
  0x0000026e6ecdf640 JavaThread "Worker-8: Initialize Workspace"        [_thread_blocked, id=15284, stack(0x00000095b1a00000,0x00000095b1b00000) (1024K)]
  0x0000026e6ecdfcd0 JavaThread "LocalFile Deleter"          daemon [_thread_blocked, id=17156, stack(0x00000095b1b00000,0x00000095b1c00000) (1024K)]
  0x0000026e6ece3150 JavaThread "LocalFile Deleter"          daemon [_thread_blocked, id=17532, stack(0x00000095b1c00000,0x00000095b1d00000) (1024K)]
  0x0000026e6ece0360 JavaThread "LocalFile Deleter"          daemon [_thread_blocked, id=20056, stack(0x00000095b1d00000,0x00000095b1e00000) (1024K)]
  0x0000026e6ece3e70 JavaThread "LocalFile Deleter"          daemon [_thread_blocked, id=13604, stack(0x00000095b1e00000,0x00000095b1f00000) (1024K)]
  0x0000026e6ece37e0 JavaThread "LocalFile Deleter"          daemon [_thread_blocked, id=20404, stack(0x00000095b1f00000,0x00000095b2000000) (1024K)]
  0x0000026e6ece1da0 JavaThread "LocalFile Deleter"          daemon [_thread_blocked, id=18364, stack(0x00000095b2000000,0x00000095b2100000) (1024K)]
  0x0000026e6ece1710 JavaThread "LocalFile Deleter"          daemon [_thread_blocked, id=5112, stack(0x00000095b2100000,0x00000095b2200000) (1024K)]
  0x0000026e6ece09f0 JavaThread "LocalFile Deleter"          daemon [_thread_blocked, id=23528, stack(0x00000095b2200000,0x00000095b2300000) (1024K)]
  0x0000026e6ece4500 JavaThread "LocalFile Deleter"          daemon [_thread_blocked, id=17152, stack(0x00000095b2300000,0x00000095b2400000) (1024K)]
  0x0000026e6ece1080 JavaThread "LocalFile Deleter"          daemon [_thread_blocked, id=21980, stack(0x00000095b2400000,0x00000095b2500000) (1024K)]
  0x0000026e6ece2430 JavaThread "LocalFile Deleter"          daemon [_thread_blocked, id=22080, stack(0x00000095b2500000,0x00000095b2600000) (1024K)]
  0x0000026e6ece4b90 JavaThread "LocalFile Deleter"          daemon [_thread_blocked, id=11772, stack(0x00000095b2600000,0x00000095b2700000) (1024K)]
  0x0000026e6ece58b0 JavaThread "Compiler Source File Reader" daemon [_thread_blocked, id=5912, stack(0x00000095b2700000,0x00000095b2800000) (1024K)]
  0x0000026e6ece5220 JavaThread "Compiler Source File Reader" daemon [_thread_blocked, id=20772, stack(0x00000095b2800000,0x00000095b2900000) (1024K)]
  0x0000026e6ece65d0 JavaThread "Compiler Source File Reader" daemon [_thread_blocked, id=5328, stack(0x00000095b2900000,0x00000095b2a00000) (1024K)]
  0x0000026e6ece5f40 JavaThread "Compiler Source File Reader" daemon [_thread_blocked, id=23772, stack(0x00000095b2a00000,0x00000095b2b00000) (1024K)]
  0x0000026e70a4bb20 JavaThread "Compiler Source File Reader" daemon [_thread_blocked, id=2512, stack(0x00000095b2b00000,0x00000095b2c00000) (1024K)]
  0x0000026e70a4ae00 JavaThread "Compiler Source File Reader" daemon [_thread_blocked, id=9720, stack(0x00000095b2c00000,0x00000095b2d00000) (1024K)]
  0x0000026e70a4ced0 JavaThread "Compiler Source File Reader" daemon [_thread_blocked, id=24376, stack(0x00000095b2d00000,0x00000095b2e00000) (1024K)]
  0x0000026e70a4c840 JavaThread "Compiler Source File Reader" daemon [_thread_blocked, id=7236, stack(0x00000095b2e00000,0x00000095b2f00000) (1024K)]
  0x0000026e70a4b490 JavaThread "Compiler Source File Reader" daemon [_thread_blocked, id=16076, stack(0x00000095b2f00000,0x00000095b3000000) (1024K)]
  0x0000026e70a4c1b0 JavaThread "Compiler Source File Reader" daemon [_thread_blocked, id=22536, stack(0x00000095b3000000,0x00000095b3100000) (1024K)]
  0x0000026e70a4a0e0 JavaThread "Compiler Processing Task"   daemon [_thread_blocked, id=5424, stack(0x00000095b3100000,0x00000095b3200000) (1024K)]
  0x0000026e70a4a770 JavaThread "Compiler Class File Writer" daemon [_thread_blocked, id=6984, stack(0x00000095b3200000,0x00000095b3300000) (1024K)]
  0x0000026e70a4f630 JavaThread "Compiler Class File Writer" daemon [_thread_blocked, id=23416, stack(0x00000095b3300000,0x00000095b3400000) (1024K)]
  0x0000026e70a4fcc0 JavaThread "Compiler Class File Writer" daemon [_thread_blocked, id=23640, stack(0x00000095b3400000,0x00000095b3500000) (1024K)]
  0x0000026e70a50350 JavaThread "Compiler Class File Writer" daemon [_thread_blocked, id=22596, stack(0x00000095b3500000,0x00000095b3600000) (1024K)]
  0x0000026e70a4e910 JavaThread "Compiler Class File Writer" daemon [_thread_blocked, id=1000, stack(0x00000095b3600000,0x00000095b3700000) (1024K)]
  0x0000026e70a4efa0 JavaThread "Compiler Class File Writer" daemon [_thread_blocked, id=2096, stack(0x00000095afb00000,0x00000095afc00000) (1024K)]
  0x0000026e70a51070 JavaThread "Compiler Class File Writer" daemon [_thread_blocked, id=1616, stack(0x00000095b3700000,0x00000095b3800000) (1024K)]
  0x0000026e70a4dbf0 JavaThread "Compiler Class File Writer" daemon [_thread_blocked, id=23844, stack(0x00000095b3800000,0x00000095b3900000) (1024K)]
  0x0000026e711d1d00 JavaThread "Compiler Class File Writer" daemon [_thread_blocked, id=23432, stack(0x00000095b3900000,0x00000095b3a00000) (1024K)]
  0x0000026e711cf5a0 JavaThread "Compiler Class File Writer" daemon [_thread_blocked, id=21180, stack(0x00000095b3a00000,0x00000095b3b00000) (1024K)]
Total: 79

Other Threads:
  0x0000026e24e05210 VMThread "VM Thread"                           [id=20984, stack(0x00000095adf00000,0x00000095ae000000) (1024K)]
  0x0000026e24cfca00 WatcherThread "VM Periodic Task Thread"        [id=24232, stack(0x00000095ade00000,0x00000095adf00000) (1024K)]
  0x0000026e10a4e110 WorkerThread "GC Thread#0"                     [id=16764, stack(0x00000095add00000,0x00000095ade00000) (1024K)]
  0x0000026e6ca503a0 WorkerThread "GC Thread#1"                     [id=360, stack(0x00000095aec00000,0x00000095aed00000) (1024K)]
  0x0000026e6ca50740 WorkerThread "GC Thread#2"                     [id=21548, stack(0x00000095aed00000,0x00000095aee00000) (1024K)]
  0x0000026e6c99c130 WorkerThread "GC Thread#3"                     [id=14492, stack(0x00000095aee00000,0x00000095aef00000) (1024K)]
  0x0000026e6cc5cc40 WorkerThread "GC Thread#4"                     [id=23332, stack(0x00000095aef00000,0x00000095af000000) (1024K)]
  0x0000026e6cc5cfe0 WorkerThread "GC Thread#5"                     [id=15288, stack(0x00000095af000000,0x00000095af100000) (1024K)]
  0x0000026e6cf17390 WorkerThread "GC Thread#6"                     [id=17832, stack(0x00000095af100000,0x00000095af200000) (1024K)]
  0x0000026e6cc2e050 WorkerThread "GC Thread#7"                     [id=20180, stack(0x00000095af400000,0x00000095af500000) (1024K)]
  0x0000026e6d16c400 WorkerThread "GC Thread#8"                     [id=8860, stack(0x00000095af700000,0x00000095af800000) (1024K)]
  0x0000026e6d16c7a0 WorkerThread "GC Thread#9"                     [id=21748, stack(0x00000095af800000,0x00000095af900000) (1024K)]
Total: 12

Threads with active compile tasks:
C2 CompilerThread0  16039 11975       4       org.lombokweb.asm.SymbolTable::<init> (536 bytes)
C1 CompilerThread0  16039 12028       3       lombok.eclipse.EclipseAST::buildLocal (79 bytes)
C2 CompilerThread1  16039 12023       4       org.eclipse.jdt.internal.compiler.parser.Parser::consumeToken (2264 bytes)
Total: 3

VM state: at safepoint (normal execution)

VM Mutex/Monitor currently owned by a thread:  ([mutex/lock_event])
[0x00007ffc4401e308] Threads_lock - owner thread: 0x0000026e24e05210
[0x00007ffc4401e408] Heap_lock - owner thread: 0x0000026e6ce7f110
[0x00007ffc4401e888] PSOldGenExpand_lock - owner thread: 0x0000026e6d16c7a0

Heap address: 0x00000000c0000000, size: 1024 MB, Compressed Oops mode: 32-bit

CDS archive(s) mapped at: [0x0000026e25000000-0x0000026e25ba0000-0x0000026e25ba0000), size 12189696, SharedBaseAddress: 0x0000026e25000000, ArchiveRelocationMode: 1.
Compressed class space mapped at: 0x0000026e26000000-0x0000026e66000000, reserved size: 1073741824
Narrow klass base: 0x0000026e25000000, Narrow klass shift: 0, Narrow klass range: 0x100000000

GC Precious Log:
 CardTable entry size: 512
 CPUs: 12 total, 12 available
 Memory: 24193M
 Large Page Support: Disabled
 NUMA Support: Disabled
 Compressed Oops: Enabled (32-bit)
 Alignments: Space 512K, Generation 512K, Heap 2M
 Heap Min Capacity: 100M
 Heap Initial Capacity: 100M
 Heap Max Capacity: 1G
 Pre-touch: Disabled
 Parallel Workers: 10

Heap:
 PSYoungGen      total 4096K, used 4041K [0x00000000eab00000, 0x00000000eb080000, 0x0000000100000000)
  eden space 3072K, 100% used [0x00000000eab00000,0x00000000eae00000,0x00000000eae00000)
  from space 1024K, 94% used [0x00000000eaf80000,0x00000000eb072600,0x00000000eb080000)
  to   space 1024K, 59% used [0x00000000eae80000,0x00000000eaf18000,0x00000000eaf80000)
 ParOldGen       total 319488K, used 319487K [0x00000000c0000000, 0x00000000d3800000, 0x00000000eab00000)
  object space 319488K, 99% used [0x00000000c0000000,0x00000000d37ffdf8,0x00000000d3800000)
 Metaspace       used 63657K, committed 65216K, reserved 1114112K
  class space    used 6548K, committed 7232K, reserved 1048576K

Card table byte_map: [0x0000026e103d0000,0x0000026e105e0000] _byte_map_base: 0x0000026e0fdd0000

Marking Bits: (ParMarkBitMap*) 0x00007ffc440231f0
 Begin Bits: [0x0000026e22c20000, 0x0000026e23c20000)
 End Bits:   [0x0000026e23c20000, 0x0000026e24c20000)

Polling page: 0x0000026e0e5b0000

Metaspace:

Usage:
  Non-class:     55.77 MB used.
      Class:      6.39 MB used.
       Both:     62.17 MB used.

Virtual space:
  Non-class space:       64.00 MB reserved,      56.62 MB ( 88%) committed,  1 nodes.
      Class space:        1.00 GB reserved,       7.06 MB ( <1%) committed,  1 nodes.
             Both:        1.06 GB reserved,      63.69 MB (  6%) committed. 

Chunk freelists:
   Non-Class:  6.88 MB
       Class:  8.95 MB
        Both:  15.82 MB

MaxMetaspaceSize: unlimited
CompressedClassSpaceSize: 1.00 GB
Initial GC threshold: 21.00 MB
Current GC threshold: 97.31 MB
CDS: on
 - commit_granule_bytes: 65536.
 - commit_granule_words: 8192.
 - virtual_space_node_default_size: 8388608.
 - enlarge_chunks_in_place: 1.
 - use_allocation_guard: 0.


Internal statistics:

num_allocs_failed_limit: 9.
num_arena_births: 1230.
num_arena_deaths: 14.
num_vsnodes_births: 2.
num_vsnodes_deaths: 0.
num_space_committed: 1019.
num_space_uncommitted: 0.
num_chunks_returned_to_freelist: 23.
num_chunks_taken_from_freelist: 4304.
num_chunk_merges: 12.
num_chunk_splits: 2600.
num_chunks_enlarged: 1410.
num_inconsistent_stats: 0.

CodeHeap 'non-profiled nmethods': size=120000Kb used=7631Kb max_used=7631Kb free=112368Kb
 bounds [0x0000026e1b6f0000, 0x0000026e1be70000, 0x0000026e22c20000]
CodeHeap 'profiled nmethods': size=120000Kb used=24812Kb max_used=24812Kb free=95187Kb
 bounds [0x0000026e13c20000, 0x0000026e15460000, 0x0000026e1b150000]
CodeHeap 'non-nmethods': size=5760Kb used=1433Kb max_used=1501Kb free=4326Kb
 bounds [0x0000026e1b150000, 0x0000026e1b3c0000, 0x0000026e1b6f0000]
 total_blobs=11986 nmethods=11242 adapters=648
 compilation: enabled
              stopped_count=0, restarted_count=0
 full_count=0

Compilation events (20 events):
Event: 13.708 Thread 0x0000026e6c202ec0 nmethod 11999 0x0000026e1be5c310 code [0x0000026e1be5c500, 0x0000026e1be5c900]
Event: 13.708 Thread 0x0000026e6c202ec0 11993       4       com.sun.org.apache.xerces.internal.dom.DeferredDocumentImpl::clearChunkValue (69 bytes)
Event: 13.709 Thread 0x0000026e6c202ec0 nmethod 11993 0x0000026e1be5cd10 code [0x0000026e1be5cec0, 0x0000026e1be5d0e8]
Event: 13.709 Thread 0x0000026e6c202ec0 11991       4       java.net.URI$Parser::parseHierarchical (178 bytes)
Event: 13.712 Thread 0x0000026e6d790e70 nmethod 11994 0x0000026e1be5d310 code [0x0000026e1be5d560, 0x0000026e1be5dff8]
Event: 13.712 Thread 0x0000026e6d790e70 11998       4       com.sun.org.apache.xerces.internal.utils.XMLLimitAnalyzer::addValue (260 bytes)
Event: 13.719 Thread 0x0000026e6d790e70 nmethod 11998 0x0000026e1be5e890 code [0x0000026e1be5eae0, 0x0000026e1be5f2f0]
Event: 13.719 Thread 0x0000026e6d790e70 11986       4       java.net.URL::lowerCaseProtocol (46 bytes)
Event: 13.729 Thread 0x0000026e6c202ec0 nmethod 11991 0x0000026e1be5f990 code [0x0000026e1be5fc60, 0x0000026e1be60f10]
Event: 13.730 Thread 0x0000026e6c093090 12019       3       lombok.patcher.MethodLogistics::<init> (205 bytes)
Event: 13.730 Thread 0x0000026e6c202ec0 12020       4       org.lombokweb.asm.SymbolTable::addConstantUtf8Reference (101 bytes)
Event: 13.731 Thread 0x0000026e6d790e70 nmethod 11986 0x0000026e1be61e10 code [0x0000026e1be62000, 0x0000026e1be62b10]
Event: 13.731 Thread 0x0000026e6c093090 nmethod 12019 0x0000026e15413090 code [0x0000026e154134c0, 0x0000026e154156f0]
Event: 13.731 Thread 0x0000026e6d790e70 12021       4       org.lombokweb.asm.ByteVector::put12 (64 bytes)
Event: 13.732 Thread 0x0000026e6d790e70 nmethod 12021 0x0000026e1be62f10 code [0x0000026e1be630c0, 0x0000026e1be632b0]
Event: 14.995 Thread 0x0000026e6c202ec0 nmethod 12020 0x0000026e1be63410 code [0x0000026e1be63600, 0x0000026e1be63b18]
Event: 14.996 Thread 0x0000026e6c093090 12022       3       java.util.concurrent.locks.ReentrantLock::lockInterruptibly (8 bytes)
Event: 14.996 Thread 0x0000026e6c093090 nmethod 12022 0x0000026e15416490 code [0x0000026e154166a0, 0x0000026e15416c28]
Event: 14.998 Thread 0x0000026e6c202ec0 12023       4       org.eclipse.jdt.internal.compiler.parser.Parser::consumeToken (2264 bytes)
Event: 14.998 Thread 0x0000026e6c093090 12024       3       org.eclipse.jdt.internal.compiler.parser.Parser::consumeRule (7748 bytes)

GC Heap History (20 events):
Event: 10.610 GC heap before
{Heap before GC invocations=434 (full 3):
 PSYoungGen      total 3072K, used 2592K [0x00000000eab00000, 0x00000000eaf00000, 0x0000000100000000)
  eden space 2048K, 100% used [0x00000000eab00000,0x00000000ead00000,0x00000000ead00000)
  from space 1024K, 53% used [0x00000000eae00000,0x00000000eae88000,0x00000000eaf00000)
  to   space 1024K, 0% used [0x00000000ead00000,0x00000000ead00000,0x00000000eae00000)
 ParOldGen       total 312832K, used 312721K [0x00000000c0000000, 0x00000000d3180000, 0x00000000eab00000)
  object space 312832K, 99% used [0x00000000c0000000,0x00000000d3164510,0x00000000d3180000)
 Metaspace       used 63108K, committed 64640K, reserved 1114112K
  class space    used 6466K, committed 7104K, reserved 1048576K
}
Event: 10.611 GC heap after
{Heap after GC invocations=434 (full 3):
 PSYoungGen      total 3072K, used 544K [0x00000000eab00000, 0x00000000eaf00000, 0x0000000100000000)
  eden space 2048K, 0% used [0x00000000eab00000,0x00000000eab00000,0x00000000ead00000)
  from space 1024K, 53% used [0x00000000ead00000,0x00000000ead88000,0x00000000eae00000)
  to   space 1024K, 0% used [0x00000000eae00000,0x00000000eae00000,0x00000000eaf00000)
 ParOldGen       total 313344K, used 313145K [0x00000000c0000000, 0x00000000d3200000, 0x00000000eab00000)
  object space 313344K, 99% used [0x00000000c0000000,0x00000000d31ce7d8,0x00000000d3200000)
 Metaspace       used 63108K, committed 64640K, reserved 1114112K
  class space    used 6466K, committed 7104K, reserved 1048576K
}
Event: 10.617 GC heap before
{Heap before GC invocations=435 (full 3):
 PSYoungGen      total 3072K, used 2592K [0x00000000eab00000, 0x00000000eaf00000, 0x0000000100000000)
  eden space 2048K, 100% used [0x00000000eab00000,0x00000000ead00000,0x00000000ead00000)
  from space 1024K, 53% used [0x00000000ead00000,0x00000000ead88000,0x00000000eae00000)
  to   space 1024K, 0% used [0x00000000eae00000,0x00000000eae00000,0x00000000eaf00000)
 ParOldGen       total 313344K, used 313145K [0x00000000c0000000, 0x00000000d3200000, 0x00000000eab00000)
  object space 313344K, 99% used [0x00000000c0000000,0x00000000d31ce7d8,0x00000000d3200000)
 Metaspace       used 63126K, committed 64640K, reserved 1114112K
  class space    used 6469K, committed 7104K, reserved 1048576K
}
Event: 10.618 GC heap after
{Heap after GC invocations=435 (full 3):
 PSYoungGen      total 3072K, used 656K [0x00000000eab00000, 0x00000000eaf00000, 0x0000000100000000)
  eden space 2048K, 0% used [0x00000000eab00000,0x00000000eab00000,0x00000000ead00000)
  from space 1024K, 64% used [0x00000000eae00000,0x00000000eaea40b0,0x00000000eaf00000)
  to   space 1024K, 0% used [0x00000000ead00000,0x00000000ead00000,0x00000000eae00000)
 ParOldGen       total 313856K, used 313540K [0x00000000c0000000, 0x00000000d3280000, 0x00000000eab00000)
  object space 313856K, 99% used [0x00000000c0000000,0x00000000d3231000,0x00000000d3280000)
 Metaspace       used 63126K, committed 64640K, reserved 1114112K
  class space    used 6469K, committed 7104K, reserved 1048576K
}
Event: 10.625 GC heap before
{Heap before GC invocations=436 (full 3):
 PSYoungGen      total 3072K, used 2704K [0x00000000eab00000, 0x00000000eaf00000, 0x0000000100000000)
  eden space 2048K, 100% used [0x00000000eab00000,0x00000000ead00000,0x00000000ead00000)
  from space 1024K, 64% used [0x00000000eae00000,0x00000000eaea40b0,0x00000000eaf00000)
  to   space 1024K, 0% used [0x00000000ead00000,0x00000000ead00000,0x00000000eae00000)
 ParOldGen       total 313856K, used 313540K [0x00000000c0000000, 0x00000000d3280000, 0x00000000eab00000)
  object space 313856K, 99% used [0x00000000c0000000,0x00000000d3231000,0x00000000d3280000)
 Metaspace       used 63153K, committed 64704K, reserved 1114112K
  class space    used 6473K, committed 7168K, reserved 1048576K
}
Event: 12.626 GC heap after
{Heap after GC invocations=436 (full 3):
 PSYoungGen      total 3072K, used 611K [0x00000000eab00000, 0x00000000eaf80000, 0x0000000100000000)
  eden space 2048K, 0% used [0x00000000eab00000,0x00000000eab00000,0x00000000ead00000)
  from space 1024K, 59% used [0x00000000ead00000,0x00000000ead98d80,0x00000000eae00000)
  to   space 1024K, 0% used [0x00000000eae80000,0x00000000eae80000,0x00000000eaf80000)
 ParOldGen       total 314368K, used 314015K [0x00000000c0000000, 0x00000000d3300000, 0x00000000eab00000)
  object space 314368K, 99% used [0x00000000c0000000,0x00000000d32a7e20,0x00000000d3300000)
 Metaspace       used 63153K, committed 64704K, reserved 1114112K
  class space    used 6473K, committed 7168K, reserved 1048576K
}
Event: 12.645 GC heap before
{Heap before GC invocations=437 (full 3):
 PSYoungGen      total 3072K, used 2659K [0x00000000eab00000, 0x00000000eaf80000, 0x0000000100000000)
  eden space 2048K, 100% used [0x00000000eab00000,0x00000000ead00000,0x00000000ead00000)
  from space 1024K, 59% used [0x00000000ead00000,0x00000000ead98d80,0x00000000eae00000)
  to   space 1024K, 0% used [0x00000000eae80000,0x00000000eae80000,0x00000000eaf80000)
 ParOldGen       total 314368K, used 314015K [0x00000000c0000000, 0x00000000d3300000, 0x00000000eab00000)
  object space 314368K, 99% used [0x00000000c0000000,0x00000000d32a7e20,0x00000000d3300000)
 Metaspace       used 63226K, committed 64768K, reserved 1114112K
  class space    used 6481K, committed 7168K, reserved 1048576K
}
Event: 12.646 GC heap after
{Heap after GC invocations=437 (full 3):
 PSYoungGen      total 3584K, used 608K [0x00000000eab00000, 0x00000000eaf80000, 0x0000000100000000)
  eden space 2560K, 0% used [0x00000000eab00000,0x00000000eab00000,0x00000000ead80000)
  from space 1024K, 59% used [0x00000000eae80000,0x00000000eaf182b0,0x00000000eaf80000)
  to   space 1024K, 0% used [0x00000000ead80000,0x00000000ead80000,0x00000000eae80000)
 ParOldGen       total 314880K, used 314467K [0x00000000c0000000, 0x00000000d3380000, 0x00000000eab00000)
  object space 314880K, 99% used [0x00000000c0000000,0x00000000d3318d18,0x00000000d3380000)
 Metaspace       used 63226K, committed 64768K, reserved 1114112K
  class space    used 6481K, committed 7168K, reserved 1048576K
}
Event: 12.650 GC heap before
{Heap before GC invocations=438 (full 3):
 PSYoungGen      total 3584K, used 3168K [0x00000000eab00000, 0x00000000eaf80000, 0x0000000100000000)
  eden space 2560K, 100% used [0x00000000eab00000,0x00000000ead80000,0x00000000ead80000)
  from space 1024K, 59% used [0x00000000eae80000,0x00000000eaf182b0,0x00000000eaf80000)
  to   space 1024K, 0% used [0x00000000ead80000,0x00000000ead80000,0x00000000eae80000)
 ParOldGen       total 314880K, used 314467K [0x00000000c0000000, 0x00000000d3380000, 0x00000000eab00000)
  object space 314880K, 99% used [0x00000000c0000000,0x00000000d3318d18,0x00000000d3380000)
 Metaspace       used 63253K, committed 64832K, reserved 1114112K
  class space    used 6485K, committed 7168K, reserved 1048576K
}
Event: 12.651 GC heap after
{Heap after GC invocations=438 (full 3):
 PSYoungGen      total 3584K, used 857K [0x00000000eab00000, 0x00000000eb000000, 0x0000000100000000)
  eden space 2560K, 0% used [0x00000000eab00000,0x00000000eab00000,0x00000000ead80000)
  from space 1024K, 83% used [0x00000000ead80000,0x00000000eae56528,0x00000000eae80000)
  to   space 1024K, 0% used [0x00000000eaf00000,0x00000000eaf00000,0x00000000eb000000)
 ParOldGen       total 314880K, used 314845K [0x00000000c0000000, 0x00000000d3380000, 0x00000000eab00000)
  object space 314880K, 99% used [0x00000000c0000000,0x00000000d33774b8,0x00000000d3380000)
 Metaspace       used 63253K, committed 64832K, reserved 1114112K
  class space    used 6485K, committed 7168K, reserved 1048576K
}
Event: 12.655 GC heap before
{Heap before GC invocations=439 (full 3):
 PSYoungGen      total 3584K, used 3417K [0x00000000eab00000, 0x00000000eb000000, 0x0000000100000000)
  eden space 2560K, 100% used [0x00000000eab00000,0x00000000ead80000,0x00000000ead80000)
  from space 1024K, 83% used [0x00000000ead80000,0x00000000eae56528,0x00000000eae80000)
  to   space 1024K, 0% used [0x00000000eaf00000,0x00000000eaf00000,0x00000000eb000000)
 ParOldGen       total 314880K, used 314845K [0x00000000c0000000, 0x00000000d3380000, 0x00000000eab00000)
  object space 314880K, 99% used [0x00000000c0000000,0x00000000d3377780,0x00000000d3380000)
 Metaspace       used 63270K, committed 64832K, reserved 1114112K
  class space    used 6487K, committed 7168K, reserved 1048576K
}
Event: 12.656 GC heap after
{Heap after GC invocations=439 (full 3):
 PSYoungGen      total 4096K, used 920K [0x00000000eab00000, 0x00000000eb000000, 0x0000000100000000)
  eden space 3072K, 0% used [0x00000000eab00000,0x00000000eab00000,0x00000000eae00000)
  from space 1024K, 89% used [0x00000000eaf00000,0x00000000eafe6020,0x00000000eb000000)
  to   space 1024K, 0% used [0x00000000eae00000,0x00000000eae00000,0x00000000eaf00000)
 ParOldGen       total 315392K, used 315313K [0x00000000c0000000, 0x00000000d3400000, 0x00000000eab00000)
  object space 315392K, 99% used [0x00000000c0000000,0x00000000d33ec5d8,0x00000000d3400000)
 Metaspace       used 63270K, committed 64832K, reserved 1114112K
  class space    used 6487K, committed 7168K, reserved 1048576K
}
Event: 12.660 GC heap before
{Heap before GC invocations=440 (full 3):
 PSYoungGen      total 4096K, used 3992K [0x00000000eab00000, 0x00000000eb000000, 0x0000000100000000)
  eden space 3072K, 100% used [0x00000000eab00000,0x00000000eae00000,0x00000000eae00000)
  from space 1024K, 89% used [0x00000000eaf00000,0x00000000eafe6020,0x00000000eb000000)
  to   space 1024K, 0% used [0x00000000eae00000,0x00000000eae00000,0x00000000eaf00000)
 ParOldGen       total 315392K, used 315316K [0x00000000c0000000, 0x00000000d3400000, 0x00000000eab00000)
  object space 315392K, 99% used [0x00000000c0000000,0x00000000d33ed1c0,0x00000000d3400000)
 Metaspace       used 63349K, committed 64896K, reserved 1114112K
  class space    used 6493K, committed 7168K, reserved 1048576K
}
Event: 12.661 GC heap after
{Heap after GC invocations=440 (full 3):
 PSYoungGen      total 4096K, used 672K [0x00000000eab00000, 0x00000000eb100000, 0x0000000100000000)
  eden space 3072K, 0% used [0x00000000eab00000,0x00000000eab00000,0x00000000eae00000)
  from space 1024K, 65% used [0x00000000eae00000,0x00000000eaea8298,0x00000000eaf00000)
  to   space 1024K, 0% used [0x00000000eb000000,0x00000000eb000000,0x00000000eb100000)
 ParOldGen       total 315904K, used 315819K [0x00000000c0000000, 0x00000000d3480000, 0x00000000eab00000)
  object space 315904K, 99% used [0x00000000c0000000,0x00000000d346ae28,0x00000000d3480000)
 Metaspace       used 63349K, committed 64896K, reserved 1114112K
  class space    used 6493K, committed 7168K, reserved 1048576K
}
Event: 12.667 GC heap before
{Heap before GC invocations=441 (full 3):
 PSYoungGen      total 4096K, used 3744K [0x00000000eab00000, 0x00000000eb100000, 0x0000000100000000)
  eden space 3072K, 100% used [0x00000000eab00000,0x00000000eae00000,0x00000000eae00000)
  from space 1024K, 65% used [0x00000000eae00000,0x00000000eaea8298,0x00000000eaf00000)
  to   space 1024K, 0% used [0x00000000eb000000,0x00000000eb000000,0x00000000eb100000)
 ParOldGen       total 315904K, used 315819K [0x00000000c0000000, 0x00000000d3480000, 0x00000000eab00000)
  object space 315904K, 99% used [0x00000000c0000000,0x00000000d346ae28,0x00000000d3480000)
 Metaspace       used 63425K, committed 65024K, reserved 1114112K
  class space    used 6509K, committed 7232K, reserved 1048576K
}
Event: 12.668 GC heap after
{Heap after GC invocations=441 (full 3):
 PSYoungGen      total 4096K, used 784K [0x00000000eab00000, 0x00000000eb100000, 0x0000000100000000)
  eden space 3072K, 0% used [0x00000000eab00000,0x00000000eab00000,0x00000000eae00000)
  from space 1024K, 76% used [0x00000000eb000000,0x00000000eb0c4050,0x00000000eb100000)
  to   space 1024K, 0% used [0x00000000eae00000,0x00000000eae00000,0x00000000eaf00000)
 ParOldGen       total 316416K, used 316323K [0x00000000c0000000, 0x00000000d3500000, 0x00000000eab00000)
  object space 316416K, 99% used [0x00000000c0000000,0x00000000d34e8c30,0x00000000d3500000)
 Metaspace       used 63425K, committed 65024K, reserved 1114112K
  class space    used 6509K, committed 7232K, reserved 1048576K
}
Event: 13.697 GC heap before
{Heap before GC invocations=442 (full 3):
 PSYoungGen      total 4096K, used 3856K [0x00000000eab00000, 0x00000000eb100000, 0x0000000100000000)
  eden space 3072K, 100% used [0x00000000eab00000,0x00000000eae00000,0x00000000eae00000)
  from space 1024K, 76% used [0x00000000eb000000,0x00000000eb0c4050,0x00000000eb100000)
  to   space 1024K, 0% used [0x00000000eae00000,0x00000000eae00000,0x00000000eaf00000)
 ParOldGen       total 316416K, used 316323K [0x00000000c0000000, 0x00000000d3500000, 0x00000000eab00000)
  object space 316416K, 99% used [0x00000000c0000000,0x00000000d34e8c30,0x00000000d3500000)
 Metaspace       used 63518K, committed 65152K, reserved 1114112K
  class space    used 6525K, committed 7232K, reserved 1048576K
}
Event: 13.699 GC heap after
{Heap after GC invocations=442 (full 3):
 PSYoungGen      total 4096K, used 1019K [0x00000000eab00000, 0x00000000eb200000, 0x0000000100000000)
  eden space 3072K, 0% used [0x00000000eab00000,0x00000000eab00000,0x00000000eae00000)
  from space 1024K, 99% used [0x00000000eae00000,0x00000000eaefed70,0x00000000eaf00000)
  to   space 2048K, 0% used [0x00000000eb000000,0x00000000eb000000,0x00000000eb200000)
 ParOldGen       total 316928K, used 316854K [0x00000000c0000000, 0x00000000d3580000, 0x00000000eab00000)
  object space 316928K, 99% used [0x00000000c0000000,0x00000000d356db80,0x00000000d3580000)
 Metaspace       used 63518K, committed 65152K, reserved 1114112K
  class space    used 6525K, committed 7232K, reserved 1048576K
}
Event: 14.993 GC heap before
{Heap before GC invocations=443 (full 3):
 PSYoungGen      total 4096K, used 4091K [0x00000000eab00000, 0x00000000eb200000, 0x0000000100000000)
  eden space 3072K, 100% used [0x00000000eab00000,0x00000000eae00000,0x00000000eae00000)
  from space 1024K, 99% used [0x00000000eae00000,0x00000000eaefed70,0x00000000eaf00000)
  to   space 2048K, 0% used [0x00000000eb000000,0x00000000eb000000,0x00000000eb200000)
 ParOldGen       total 316928K, used 316854K [0x00000000c0000000, 0x00000000d3580000, 0x00000000eab00000)
  object space 316928K, 99% used [0x00000000c0000000,0x00000000d356db80,0x00000000d3580000)
 Metaspace       used 63588K, committed 65216K, reserved 1114112K
  class space    used 6537K, committed 7232K, reserved 1048576K
}
Event: 14.995 GC heap after
{Heap after GC invocations=443 (full 3):
 PSYoungGen      total 4096K, used 804K [0x00000000eab00000, 0x00000000eb100000, 0x0000000100000000)
  eden space 3072K, 0% used [0x00000000eab00000,0x00000000eab00000,0x00000000eae00000)
  from space 1024K, 78% used [0x00000000eb000000,0x00000000eb0c9040,0x00000000eb100000)
  to   space 1536K, 0% used [0x00000000eae00000,0x00000000eae00000,0x00000000eaf80000)
 ParOldGen       total 317952K, used 317689K [0x00000000c0000000, 0x00000000d3680000, 0x00000000eab00000)
  object space 317952K, 99% used [0x00000000c0000000,0x00000000d363e4f8,0x00000000d3680000)
 Metaspace       used 63588K, committed 65216K, reserved 1114112K
  class space    used 6537K, committed 7232K, reserved 1048576K
}

Dll operation events (10 events):
Event: 0.008 Loaded shared library c:\Users\vquoc\.trae\extensions\redhat.java-1.42.0-win32-x64\jre\21.0.7-win32-x86_64\bin\java.dll
Event: 0.105 Loaded shared library c:\Users\vquoc\.trae\extensions\redhat.java-1.42.0-win32-x64\jre\21.0.7-win32-x86_64\bin\zip.dll
Event: 0.125 Loaded shared library C:\Users\vquoc\.trae\extensions\redhat.java-1.42.0-win32-x64\jre\21.0.7-win32-x86_64\bin\instrument.dll
Event: 0.128 Loaded shared library C:\Users\vquoc\.trae\extensions\redhat.java-1.42.0-win32-x64\jre\21.0.7-win32-x86_64\bin\net.dll
Event: 0.130 Loaded shared library C:\Users\vquoc\.trae\extensions\redhat.java-1.42.0-win32-x64\jre\21.0.7-win32-x86_64\bin\nio.dll
Event: 0.132 Loaded shared library C:\Users\vquoc\.trae\extensions\redhat.java-1.42.0-win32-x64\jre\21.0.7-win32-x86_64\bin\zip.dll
Event: 0.147 Loaded shared library C:\Users\vquoc\.trae\extensions\redhat.java-1.42.0-win32-x64\jre\21.0.7-win32-x86_64\bin\jimage.dll
Event: 0.204 Loaded shared library c:\Users\vquoc\.trae\extensions\redhat.java-1.42.0-win32-x64\jre\21.0.7-win32-x86_64\bin\verify.dll
Event: 1.120 Loaded shared library C:\Users\vquoc\AppData\Roaming\Trae\User\globalStorage\redhat.java\1.42.0\config_win\org.eclipse.equinox.launcher\org.eclipse.equinox.launcher.win32.win32.x86_64_1.2.1300.v20250331-1702\eclipse_11911.dll
Event: 2.334 Loaded shared library C:\Users\vquoc\AppData\Local\Temp\jna-112457838\jna13401767537883173615.dll

Deoptimization events (20 events):
Event: 10.622 Thread 0x0000026e7091fd90 DEOPT PACKING pc=0x0000026e1b9c319c sp=0x00000095b17fe180
Event: 10.622 Thread 0x0000026e7091fd90 DEOPT UNPACKING pc=0x0000026e1b1a3aa2 sp=0x00000095b17fe048 mode 2
Event: 10.623 Thread 0x0000026e7091fd90 Uncommon trap: trap_request=0xffffffc6 fr.pc=0x0000026e1b9c319c relative=0x000000000000015c
Event: 10.623 Thread 0x0000026e7091fd90 Uncommon trap: reason=bimorphic_or_optimized_type_check action=maybe_recompile pc=0x0000026e1b9c319c method=org.eclipse.jdt.internal.core.JavaElement.getAncestor(I)Lorg/eclipse/jdt/core/IJavaElement; @ 18 c2
Event: 10.623 Thread 0x0000026e7091fd90 DEOPT PACKING pc=0x0000026e1b9c319c sp=0x00000095b17fe3f0
Event: 10.623 Thread 0x0000026e7091fd90 DEOPT UNPACKING pc=0x0000026e1b1a3aa2 sp=0x00000095b17fe2b8 mode 2
Event: 12.649 Thread 0x0000026e7091fd90 DEOPT PACKING pc=0x0000026e14492dd0 sp=0x00000095b17fbbf0
Event: 12.649 Thread 0x0000026e7091fd90 DEOPT UNPACKING pc=0x0000026e1b1a4242 sp=0x00000095b17fb198 mode 0
Event: 12.652 Thread 0x0000026e6ce811e0 Uncommon trap: trap_request=0xffffff45 fr.pc=0x0000026e1bb2095c relative=0x000000000000023c
Event: 12.652 Thread 0x0000026e6ce811e0 Uncommon trap: reason=unstable_if action=reinterpret pc=0x0000026e1bb2095c method=jdk.nio.zipfs.ZipPath.getResolvedPath()[B @ 13 c2
Event: 12.652 Thread 0x0000026e6ce811e0 DEOPT PACKING pc=0x0000026e1bb2095c sp=0x00000095afdfe4d0
Event: 12.652 Thread 0x0000026e6ce811e0 DEOPT UNPACKING pc=0x0000026e1b1a3aa2 sp=0x00000095afdfe478 mode 2
Event: 12.652 Thread 0x0000026e6ce811e0 Uncommon trap: trap_request=0xfffffff4 fr.pc=0x0000026e1bb2111c relative=0x000000000000039c
Event: 12.652 Thread 0x0000026e6ce811e0 Uncommon trap: reason=null_check action=make_not_entrant pc=0x0000026e1bb2111c method=jdk.nio.zipfs.ZipFileSystem$IndexNode.keyOf([B)Ljdk/nio/zipfs/ZipFileSystem$IndexNode; @ 6 c2
Event: 12.652 Thread 0x0000026e6ce811e0 DEOPT PACKING pc=0x0000026e1bb2111c sp=0x00000095afdfe3f0
Event: 12.652 Thread 0x0000026e6ce811e0 DEOPT UNPACKING pc=0x0000026e1b1a3aa2 sp=0x00000095afdfe398 mode 2
Event: 14.999 Thread 0x0000026e7091fd90 Uncommon trap: trap_request=0xffffff45 fr.pc=0x0000026e1bb44b30 relative=0x00000000000008b0
Event: 14.999 Thread 0x0000026e7091fd90 Uncommon trap: reason=unstable_if action=reinterpret pc=0x0000026e1bb44b30 method=lombok.core.configuration.FileSystemSourceCache.parseIfNeccesary(Llombok/core/configuration/ConfigurationFile;Llombok/core/configuration/ConfigurationParser;)Llombok/core/co
Event: 14.999 Thread 0x0000026e7091fd90 DEOPT PACKING pc=0x0000026e1bb44b30 sp=0x00000095b17fd7a0
Event: 14.999 Thread 0x0000026e7091fd90 DEOPT UNPACKING pc=0x0000026e1b1a3aa2 sp=0x00000095b17fd748 mode 2

Classes loaded (20 events):
Event: 10.398 Loading class java/util/TreeMap$ValueSpliterator
Event: 10.400 Loading class java/util/TreeMap$TreeMapSpliterator
Event: 10.400 Loading class java/util/TreeMap$TreeMapSpliterator done
Event: 10.400 Loading class java/util/TreeMap$ValueSpliterator done
Event: 10.430 Loading class java/nio/file/FileTreeWalker$1
Event: 10.430 Loading class java/nio/file/FileTreeWalker$1 done
Event: 10.431 Loading class sun/nio/fs/Globs
Event: 10.431 Loading class sun/nio/fs/Globs done
Event: 10.431 Loading class java/util/regex/Pattern$SliceU
Event: 10.431 Loading class java/util/regex/Pattern$SliceU done
Event: 10.431 Loading class sun/nio/fs/WindowsFileSystem$2
Event: 10.431 Loading class java/nio/file/PathMatcher
Event: 10.431 Loading class java/nio/file/PathMatcher done
Event: 10.431 Loading class sun/nio/fs/WindowsFileSystem$2 done
Event: 10.584 Loading class java/util/Collections$SynchronizedRandomAccessList
Event: 10.584 Loading class java/util/Collections$SynchronizedList
Event: 10.584 Loading class java/util/Collections$SynchronizedList done
Event: 10.584 Loading class java/util/Collections$SynchronizedRandomAccessList done
Event: 10.588 Loading class java/util/concurrent/CompletableFuture$Signaller
Event: 10.588 Loading class java/util/concurrent/CompletableFuture$Signaller done

Classes unloaded (7 events):
Event: 2.813 Thread 0x0000026e24e05210 Unloading class 0x0000026e2619bc00 'java/lang/invoke/LambdaForm$MH+0x0000026e2619bc00'
Event: 2.813 Thread 0x0000026e24e05210 Unloading class 0x0000026e2619b800 'java/lang/invoke/LambdaForm$MH+0x0000026e2619b800'
Event: 2.813 Thread 0x0000026e24e05210 Unloading class 0x0000026e2619b400 'java/lang/invoke/LambdaForm$MH+0x0000026e2619b400'
Event: 2.813 Thread 0x0000026e24e05210 Unloading class 0x0000026e2619b000 'java/lang/invoke/LambdaForm$MH+0x0000026e2619b000'
Event: 2.813 Thread 0x0000026e24e05210 Unloading class 0x0000026e2619ac00 'java/lang/invoke/LambdaForm$BMH+0x0000026e2619ac00'
Event: 2.813 Thread 0x0000026e24e05210 Unloading class 0x0000026e2619a800 'java/lang/invoke/LambdaForm$DMH+0x0000026e2619a800'
Event: 2.813 Thread 0x0000026e24e05210 Unloading class 0x0000026e26199400 'java/lang/invoke/LambdaForm$DMH+0x0000026e26199400'

Classes redefined (0 events):
No events

Internal exceptions (20 events):
Event: 10.540 Thread 0x0000026e6ecdf640 Exception <a 'sun/nio/fs/WindowsException'{0x00000000eab74500}> (0x00000000eab74500) 
thrown [s\src\hotspot\share\prims\jni.cpp, line 520]
Event: 10.540 Thread 0x0000026e6ecdf640 Exception <a 'sun/nio/fs/WindowsException'{0x00000000eab74f40}> (0x00000000eab74f40) 
thrown [s\src\hotspot\share\prims\jni.cpp, line 520]
Event: 10.540 Thread 0x0000026e6ecdf640 Exception <a 'sun/nio/fs/WindowsException'{0x00000000eab75740}> (0x00000000eab75740) 
thrown [s\src\hotspot\share\prims\jni.cpp, line 520]
Event: 10.542 Thread 0x0000026e6ecdf640 Exception <a 'sun/nio/fs/WindowsException'{0x00000000eaba3328}> (0x00000000eaba3328) 
thrown [s\src\hotspot\share\prims\jni.cpp, line 520]
Event: 10.543 Thread 0x0000026e6ecdf640 Exception <a 'sun/nio/fs/WindowsException'{0x00000000eaba3da0}> (0x00000000eaba3da0) 
thrown [s\src\hotspot\share\prims\jni.cpp, line 520]
Event: 10.543 Thread 0x0000026e6ecdf640 Exception <a 'sun/nio/fs/WindowsException'{0x00000000eaba4770}> (0x00000000eaba4770) 
thrown [s\src\hotspot\share\prims\jni.cpp, line 520]
Event: 10.543 Thread 0x0000026e6ecdf640 Exception <a 'sun/nio/fs/WindowsException'{0x00000000eaba5118}> (0x00000000eaba5118) 
thrown [s\src\hotspot\share\prims\jni.cpp, line 520]
Event: 10.544 Thread 0x0000026e6ecdf640 Exception <a 'sun/nio/fs/WindowsException'{0x00000000eabf8bf8}> (0x00000000eabf8bf8) 
thrown [s\src\hotspot\share\prims\jni.cpp, line 520]
Event: 10.544 Thread 0x0000026e6ecdf640 Exception <a 'sun/nio/fs/WindowsException'{0x00000000eabf9550}> (0x00000000eabf9550) 
thrown [s\src\hotspot\share\prims\jni.cpp, line 520]
Event: 10.544 Thread 0x0000026e6ecdf640 Exception <a 'sun/nio/fs/WindowsException'{0x00000000eac036f0}> (0x00000000eac036f0) 
thrown [s\src\hotspot\share\prims\jni.cpp, line 520]
Event: 10.544 Thread 0x0000026e6ecdf640 Exception <a 'sun/nio/fs/WindowsException'{0x00000000eac040a8}> (0x00000000eac040a8) 
thrown [s\src\hotspot\share\prims\jni.cpp, line 520]
Event: 10.545 Thread 0x0000026e6ecdf640 Exception <a 'sun/nio/fs/WindowsException'{0x00000000eac38aa8}> (0x00000000eac38aa8) 
thrown [s\src\hotspot\share\prims\jni.cpp, line 520]
Event: 10.545 Thread 0x0000026e6ecdf640 Exception <a 'sun/nio/fs/WindowsException'{0x00000000eac390e0}> (0x00000000eac390e0) 
thrown [s\src\hotspot\share\prims\jni.cpp, line 520]
Event: 10.545 Thread 0x0000026e6ecdf640 Exception <a 'sun/nio/fs/WindowsException'{0x00000000eac433d8}> (0x00000000eac433d8) 
thrown [s\src\hotspot\share\prims\jni.cpp, line 520]
Event: 10.545 Thread 0x0000026e6ecdf640 Exception <a 'sun/nio/fs/WindowsException'{0x00000000eac43d98}> (0x00000000eac43d98) 
thrown [s\src\hotspot\share\prims\jni.cpp, line 520]
Event: 10.545 Thread 0x0000026e6ecdf640 Exception <a 'sun/nio/fs/WindowsException'{0x00000000eac5f920}> (0x00000000eac5f920) 
thrown [s\src\hotspot\share\prims\jni.cpp, line 520]
Event: 10.545 Thread 0x0000026e6ecdf640 Exception <a 'sun/nio/fs/WindowsException'{0x00000000eac69bb0}> (0x00000000eac69bb0) 
thrown [s\src\hotspot\share\prims\jni.cpp, line 520]
Event: 10.545 Thread 0x0000026e6ecdf640 Exception <a 'sun/nio/fs/WindowsException'{0x00000000eac6a578}> (0x00000000eac6a578) 
thrown [s\src\hotspot\share\prims\jni.cpp, line 520]
Event: 10.545 Thread 0x0000026e6ecdf640 Exception <a 'sun/nio/fs/WindowsException'{0x00000000eac6af60}> (0x00000000eac6af60) 
thrown [s\src\hotspot\share\prims\jni.cpp, line 520]
Event: 12.652 Thread 0x0000026e6ce811e0 Implicit null exception at 0x0000026e1bb20dff to 0x0000026e1bb21108

ZGC Phase Switch (0 events):
No events

VM Operations (20 events):
Event: 12.651 Executing VM operation: HandshakeAllThreads (Deoptimize) done
Event: 12.653 Executing VM operation: HandshakeAllThreads (Deoptimize)
Event: 12.653 Executing VM operation: HandshakeAllThreads (Deoptimize) done
Event: 12.654 Executing VM operation: ParallelGCFailedAllocation (Allocation Failure)
Event: 12.654 Executing VM operation: ParallelGCFailedAllocation (Allocation Failure) done
Event: 12.655 Executing VM operation: ParallelGCSystemGC (GCLocker Initiated GC)
Event: 12.656 Executing VM operation: ParallelGCSystemGC (GCLocker Initiated GC) done
Event: 12.660 Executing VM operation: ParallelGCFailedAllocation (Allocation Failure)
Event: 12.661 Executing VM operation: ParallelGCFailedAllocation (Allocation Failure) done
Event: 12.667 Executing VM operation: ParallelGCFailedAllocation (Allocation Failure)
Event: 12.668 Executing VM operation: ParallelGCFailedAllocation (Allocation Failure) done
Event: 12.672 Executing VM operation: HandshakeAllThreads (Deoptimize)
Event: 12.672 Executing VM operation: HandshakeAllThreads (Deoptimize) done
Event: 12.674 Executing VM operation: ParallelGCFailedAllocation (Allocation Failure)
Event: 13.699 Executing VM operation: ParallelGCFailedAllocation (Allocation Failure) done
Event: 13.705 Executing VM operation: HandshakeAllThreads (Deoptimize)
Event: 13.706 Executing VM operation: HandshakeAllThreads (Deoptimize) done
Event: 13.734 Executing VM operation: ParallelGCFailedAllocation (Allocation Failure)
Event: 14.995 Executing VM operation: ParallelGCFailedAllocation (Allocation Failure) done
Event: 15.007 Executing VM operation: ParallelGCFailedAllocation (Allocation Failure)

Memory protections (0 events):
No events

Nmethod flushes (20 events):
Event: 8.261 Thread 0x0000026e24e05210 flushing  nmethod 0x0000026e14528110
Event: 8.261 Thread 0x0000026e24e05210 flushing  nmethod 0x0000026e1452b890
Event: 8.261 Thread 0x0000026e24e05210 flushing  nmethod 0x0000026e1452bd10
Event: 8.261 Thread 0x0000026e24e05210 flushing  nmethod 0x0000026e1452ce10
Event: 8.261 Thread 0x0000026e24e05210 flushing  nmethod 0x0000026e14534210
Event: 8.261 Thread 0x0000026e24e05210 flushing  nmethod 0x0000026e14557310
Event: 8.261 Thread 0x0000026e24e05210 flushing  nmethod 0x0000026e1456b910
Event: 8.261 Thread 0x0000026e24e05210 flushing  nmethod 0x0000026e1456d490
Event: 8.261 Thread 0x0000026e24e05210 flushing  nmethod 0x0000026e1458d190
Event: 8.261 Thread 0x0000026e24e05210 flushing  nmethod 0x0000026e145c6010
Event: 8.261 Thread 0x0000026e24e05210 flushing  nmethod 0x0000026e145c6a90
Event: 8.261 Thread 0x0000026e24e05210 flushing  nmethod 0x0000026e14604910
Event: 8.261 Thread 0x0000026e24e05210 flushing  nmethod 0x0000026e14606210
Event: 8.261 Thread 0x0000026e24e05210 flushing  nmethod 0x0000026e1460dd10
Event: 8.261 Thread 0x0000026e24e05210 flushing  nmethod 0x0000026e1460e510
Event: 8.261 Thread 0x0000026e24e05210 flushing  nmethod 0x0000026e14610610
Event: 8.261 Thread 0x0000026e24e05210 flushing  nmethod 0x0000026e14610990
Event: 8.261 Thread 0x0000026e24e05210 flushing  nmethod 0x0000026e14611290
Event: 8.261 Thread 0x0000026e24e05210 flushing  nmethod 0x0000026e1461b790
Event: 8.261 Thread 0x0000026e24e05210 flushing  nmethod 0x0000026e14624d10

Events (20 events):
Event: 9.520 Thread 0x0000026e6ce7e3f0 Thread added: 0x0000026e711d3740
Event: 9.520 Thread 0x0000026e6ce7e3f0 Thread added: 0x0000026e711d3dd0
Event: 9.520 Thread 0x0000026e6ce7e3f0 Thread added: 0x0000026e711d1670
Event: 9.520 Thread 0x0000026e6ce7e3f0 Thread added: 0x0000026e711d2390
Event: 9.779 Thread 0x0000026e711d1670 Thread exited: 0x0000026e711d1670
Event: 9.780 Thread 0x0000026e711d2390 Thread exited: 0x0000026e711d2390
Event: 9.780 Thread 0x0000026e711d0950 Thread exited: 0x0000026e711d0950
Event: 9.780 Thread 0x0000026e711d3dd0 Thread exited: 0x0000026e711d3dd0
Event: 9.780 Thread 0x0000026e711d3740 Thread exited: 0x0000026e711d3740
Event: 10.065 Thread 0x0000026e6ce7e3f0 Thread added: 0x0000026e711d0fe0
Event: 10.065 Thread 0x0000026e6ce7e3f0 Thread added: 0x0000026e711d3740
Event: 10.065 Thread 0x0000026e6ce7e3f0 Thread added: 0x0000026e711d2390
Event: 10.066 Thread 0x0000026e6ce7e3f0 Thread added: 0x0000026e711d3dd0
Event: 10.066 Thread 0x0000026e6ce7e3f0 Thread added: 0x0000026e711d1670
Event: 10.086 Thread 0x0000026e711d3dd0 Thread exited: 0x0000026e711d3dd0
Event: 10.086 Thread 0x0000026e711d1670 Thread exited: 0x0000026e711d1670
Event: 10.086 Thread 0x0000026e711d2390 Thread exited: 0x0000026e711d2390
Event: 10.086 Thread 0x0000026e711d3740 Thread exited: 0x0000026e711d3740
Event: 10.086 Thread 0x0000026e711d0fe0 Thread exited: 0x0000026e711d0fe0
Event: 14.996 Thread 0x0000026e6d790e70 Thread exited: 0x0000026e6d790e70


Dynamic libraries:
0x00007ff6aa800000 - 0x00007ff6aa80e000 	c:\Users\vquoc\.trae\extensions\redhat.java-1.42.0-win32-x64\jre\21.0.7-win32-x86_64\bin\java.exe
0x00007ffcf9be0000 - 0x00007ffcf9e45000 	C:\WINDOWS\SYSTEM32\ntdll.dll
0x00007ffcf86c0000 - 0x00007ffcf8789000 	C:\WINDOWS\System32\KERNEL32.DLL
0x00007ffcf7140000 - 0x00007ffcf7528000 	C:\WINDOWS\System32\KERNELBASE.dll
0x00007ffcf6d30000 - 0x00007ffcf6e7b000 	C:\WINDOWS\System32\ucrtbase.dll
0x00007ffcb52a0000 - 0x00007ffcb52b8000 	c:\Users\vquoc\.trae\extensions\redhat.java-1.42.0-win32-x64\jre\21.0.7-win32-x86_64\bin\jli.dll
0x00007ffcb4bb0000 - 0x00007ffcb4bce000 	c:\Users\vquoc\.trae\extensions\redhat.java-1.42.0-win32-x64\jre\21.0.7-win32-x86_64\bin\VCRUNTIME140.dll
0x00007ffcf7c10000 - 0x00007ffcf7dda000 	C:\WINDOWS\System32\USER32.dll
0x00007ffcf7530000 - 0x00007ffcf7557000 	C:\WINDOWS\System32\win32u.dll
0x00007ffcf8f60000 - 0x00007ffcf8f8b000 	C:\WINDOWS\System32\GDI32.dll
0x00007ffccdb50000 - 0x00007ffccddea000 	C:\WINDOWS\WinSxS\amd64_microsoft.windows.common-controls_6595b64144ccf1df_6.0.26100.4202_none_3e0698d4e335f517\COMCTL32.dll
0x00007ffcf6e80000 - 0x00007ffcf6fb7000 	C:\WINDOWS\System32\gdi32full.dll
0x00007ffcf76b0000 - 0x00007ffcf7753000 	C:\WINDOWS\System32\msvcp_win.dll
0x00007ffcf8960000 - 0x00007ffcf8a09000 	C:\WINDOWS\System32\msvcrt.dll
0x00007ffcf8920000 - 0x00007ffcf8950000 	C:\WINDOWS\System32\IMM32.DLL
0x00007ffceedb0000 - 0x00007ffceedbc000 	c:\Users\vquoc\.trae\extensions\redhat.java-1.42.0-win32-x64\jre\21.0.7-win32-x86_64\bin\vcruntime140_1.dll
0x00007ffc46f40000 - 0x00007ffc46fcd000 	c:\Users\vquoc\.trae\extensions\redhat.java-1.42.0-win32-x64\jre\21.0.7-win32-x86_64\bin\msvcp140.dll
0x00007ffc43370000 - 0x00007ffc44100000 	c:\Users\vquoc\.trae\extensions\redhat.java-1.42.0-win32-x64\jre\21.0.7-win32-x86_64\bin\server\jvm.dll
0x00007ffcf8a10000 - 0x00007ffcf8ac3000 	C:\WINDOWS\System32\ADVAPI32.dll
0x00007ffcf8610000 - 0x00007ffcf86b6000 	C:\WINDOWS\System32\sechost.dll
0x00007ffcf7af0000 - 0x00007ffcf7c05000 	C:\WINDOWS\System32\RPCRT4.dll
0x00007ffcf81e0000 - 0x00007ffcf8254000 	C:\WINDOWS\System32\WS2_32.dll
0x00007ffcf5910000 - 0x00007ffcf596e000 	C:\WINDOWS\SYSTEM32\POWRPROF.dll
0x00007ffceef50000 - 0x00007ffceef5b000 	C:\WINDOWS\SYSTEM32\VERSION.dll
0x00007ffcebe40000 - 0x00007ffcebe75000 	C:\WINDOWS\SYSTEM32\WINMM.dll
0x00007ffcf58f0000 - 0x00007ffcf5904000 	C:\WINDOWS\SYSTEM32\UMPDC.dll
0x00007ffcf5bd0000 - 0x00007ffcf5beb000 	C:\WINDOWS\SYSTEM32\kernel.appcore.dll
0x00007ffccea70000 - 0x00007ffccea7a000 	c:\Users\vquoc\.trae\extensions\redhat.java-1.42.0-win32-x64\jre\21.0.7-win32-x86_64\bin\jimage.dll
0x00007ffcf4210000 - 0x00007ffcf4451000 	C:\WINDOWS\SYSTEM32\DBGHELP.DLL
0x00007ffcf8260000 - 0x00007ffcf85e5000 	C:\WINDOWS\System32\combase.dll
0x00007ffcf8830000 - 0x00007ffcf8911000 	C:\WINDOWS\System32\OLEAUT32.dll
0x00007ffcbff60000 - 0x00007ffcbff99000 	C:\WINDOWS\SYSTEM32\dbgcore.DLL
0x00007ffcf78e0000 - 0x00007ffcf7979000 	C:\WINDOWS\System32\bcryptPrimitives.dll
0x00007ffcce5e0000 - 0x00007ffcce5ef000 	c:\Users\vquoc\.trae\extensions\redhat.java-1.42.0-win32-x64\jre\21.0.7-win32-x86_64\bin\instrument.dll
0x00007ffcb3320000 - 0x00007ffcb333f000 	c:\Users\vquoc\.trae\extensions\redhat.java-1.42.0-win32-x64\jre\21.0.7-win32-x86_64\bin\java.dll
0x00007ffcf90b0000 - 0x00007ffcf97f2000 	C:\WINDOWS\System32\SHELL32.dll
0x00007ffcf7760000 - 0x00007ffcf78d4000 	C:\WINDOWS\System32\wintypes.dll
0x00007ffcf4970000 - 0x00007ffcf51c7000 	C:\WINDOWS\SYSTEM32\windows.storage.dll
0x00007ffcf9870000 - 0x00007ffcf9961000 	C:\WINDOWS\System32\SHCORE.dll
0x00007ffcf9800000 - 0x00007ffcf986a000 	C:\WINDOWS\System32\shlwapi.dll
0x00007ffcf6c40000 - 0x00007ffcf6c6f000 	C:\WINDOWS\SYSTEM32\profapi.dll
0x00007ffcafbc0000 - 0x00007ffcafbd8000 	c:\Users\vquoc\.trae\extensions\redhat.java-1.42.0-win32-x64\jre\21.0.7-win32-x86_64\bin\zip.dll
0x00007ffcce270000 - 0x00007ffcce280000 	C:\Users\vquoc\.trae\extensions\redhat.java-1.42.0-win32-x64\jre\21.0.7-win32-x86_64\bin\net.dll
0x00007ffceec80000 - 0x00007ffceed9e000 	C:\WINDOWS\SYSTEM32\WINHTTP.dll
0x00007ffcf6120000 - 0x00007ffcf618a000 	C:\WINDOWS\system32\mswsock.dll
0x00007ffc959e0000 - 0x00007ffc959f6000 	C:\Users\vquoc\.trae\extensions\redhat.java-1.42.0-win32-x64\jre\21.0.7-win32-x86_64\bin\nio.dll
0x00007ffccc2e0000 - 0x00007ffccc2f0000 	c:\Users\vquoc\.trae\extensions\redhat.java-1.42.0-win32-x64\jre\21.0.7-win32-x86_64\bin\verify.dll
0x00007ffceb510000 - 0x00007ffceb555000 	C:\Users\vquoc\AppData\Roaming\Trae\User\globalStorage\redhat.java\1.42.0\config_win\org.eclipse.equinox.launcher\org.eclipse.equinox.launcher.win32.win32.x86_64_1.2.1300.v20250331-1702\eclipse_11911.dll
0x00007ffcf7de0000 - 0x00007ffcf7f7e000 	C:\WINDOWS\System32\ole32.dll
0x00007ffcf6500000 - 0x00007ffcf651b000 	C:\WINDOWS\SYSTEM32\CRYPTSP.dll
0x00007ffcf5b30000 - 0x00007ffcf5b6a000 	C:\WINDOWS\system32\rsaenh.dll
0x00007ffcf61c0000 - 0x00007ffcf61eb000 	C:\WINDOWS\SYSTEM32\USERENV.dll
0x00007ffcf6c10000 - 0x00007ffcf6c36000 	C:\WINDOWS\SYSTEM32\bcrypt.dll
0x00007ffcf6360000 - 0x00007ffcf636c000 	C:\WINDOWS\SYSTEM32\CRYPTBASE.dll
0x00007ffcf5600000 - 0x00007ffcf5633000 	C:\WINDOWS\SYSTEM32\IPHLPAPI.DLL
0x00007ffcf8820000 - 0x00007ffcf882a000 	C:\WINDOWS\System32\NSI.dll
0x00007ffccecd0000 - 0x00007ffcced19000 	C:\Users\vquoc\AppData\Local\Temp\jna-112457838\jna13401767537883173615.dll
0x00007ffcf80d0000 - 0x00007ffcf80d8000 	C:\WINDOWS\System32\PSAPI.DLL
0x00007ffceef20000 - 0x00007ffceef3f000 	C:\WINDOWS\SYSTEM32\dhcpcsvc6.DLL
0x00007ffceef60000 - 0x00007ffceef85000 	C:\WINDOWS\SYSTEM32\dhcpcsvc.DLL

dbghelp: loaded successfully - version: 4.0.5 - missing functions: none
symbol engine: initialized successfully - sym options: 0x614 - pdb path: .;c:\Users\vquoc\.trae\extensions\redhat.java-1.42.0-win32-x64\jre\21.0.7-win32-x86_64\bin;C:\WINDOWS\SYSTEM32;C:\WINDOWS\WinSxS\amd64_microsoft.windows.common-controls_6595b64144ccf1df_6.0.26100.4202_none_3e0698d4e335f517;c:\Users\vquoc\.trae\extensions\redhat.java-1.42.0-win32-x64\jre\21.0.7-win32-x86_64\bin\server;C:\Users\vquoc\AppData\Roaming\Trae\User\globalStorage\redhat.java\1.42.0\config_win\org.eclipse.equinox.launcher\org.eclipse.equinox.launcher.win32.win32.x86_64_1.2.1300.v20250331-1702;C:\Users\vquoc\AppData\Local\Temp\jna-112457838

VM Arguments:
jvm_args: --add-modules=ALL-SYSTEM --add-opens=java.base/java.util=ALL-UNNAMED --add-opens=java.base/java.lang=ALL-UNNAMED --add-opens=java.base/sun.nio.fs=ALL-UNNAMED -Declipse.application=org.eclipse.jdt.ls.core.id1 -Dosgi.bundles.defaultStartLevel=4 -Declipse.product=org.eclipse.jdt.ls.core.product -Djava.import.generatesMetadataFilesAtProjectRoot=false -DDetectVMInstallationsJob.disabled=true -Dfile.encoding=utf8 -XX:+UseParallelGC -XX:GCTimeRatio=4 -XX:AdaptiveSizePolicyWeight=90 -Dsun.zip.disableMemoryMapping=true -Xmx1G -Xms100m -Xlog:disable -javaagent:c:\Users\vquoc\.trae\extensions\redhat.java-1.42.0-win32-x64\lombok\lombok-1.18.36.jar -XX:+HeapDumpOnOutOfMemoryError -XX:HeapDumpPath=c:\Users\vquoc\AppData\Roaming\Trae\User\workspaceStorage\f2c5a85be67d5603d603d903a5f5e535\redhat.java -Daether.dependencyCollector.impl=bf 
java_command: c:\Users\vquoc\.trae\extensions\redhat.java-1.42.0-win32-x64\server\plugins\org.eclipse.equinox.launcher_1.7.0.v20250424-1814.jar -configuration c:\Users\vquoc\AppData\Roaming\Trae\User\globalStorage\redhat.java\1.42.0\config_win -data c:\Users\vquoc\AppData\Roaming\Trae\User\workspaceStorage\f2c5a85be67d5603d603d903a5f5e535\redhat.java\jdt_ws --pipe=\\.\pipe\lsp-275dc6f5bde4b729fb0b4846535b0db5-sock
java_class_path (initial): c:\Users\vquoc\.trae\extensions\redhat.java-1.42.0-win32-x64\server\plugins\org.eclipse.equinox.launcher_1.7.0.v20250424-1814.jar
Launcher Type: SUN_STANDARD

[Global flags]
    uintx AdaptiveSizePolicyWeight                 = 90                                        {product} {command line}
     intx CICompilerCount                          = 4                                         {product} {ergonomic}
    uintx GCTimeRatio                              = 4                                         {product} {command line}
     bool HeapDumpOnOutOfMemoryError               = true                                   {manageable} {command line}
    ccstr HeapDumpPath                             = c:\Users\vquoc\AppData\Roaming\Trae\User\workspaceStorage\f2c5a85be67d5603d603d903a5f5e535\redhat.java         {manageable} {command line}
   size_t InitialHeapSize                          = 104857600                                 {product} {command line}
   size_t MaxHeapSize                              = 1073741824                                {product} {command line}
   size_t MaxNewSize                               = 357564416                                 {product} {ergonomic}
   size_t MinHeapDeltaBytes                        = 524288                                    {product} {ergonomic}
   size_t MinHeapSize                              = 104857600                                 {product} {command line}
   size_t NewSize                                  = 34603008                                  {product} {ergonomic}
    uintx NonNMethodCodeHeapSize                   = 5839372                                {pd product} {ergonomic}
    uintx NonProfiledCodeHeapSize                  = 122909434                              {pd product} {ergonomic}
   size_t OldSize                                  = 70254592                                  {product} {ergonomic}
    uintx ProfiledCodeHeapSize                     = 122909434                              {pd product} {ergonomic}
    uintx ReservedCodeCacheSize                    = 251658240                              {pd product} {ergonomic}
     bool SegmentedCodeCache                       = true                                      {product} {ergonomic}
   size_t SoftMaxHeapSize                          = 1073741824                             {manageable} {ergonomic}
     bool UseCompressedOops                        = true                           {product lp64_product} {ergonomic}
     bool UseLargePagesIndividualAllocation        = false                                  {pd product} {ergonomic}
     bool UseParallelGC                            = true                                      {product} {command line}

Logging:
Log output configuration:
 #0: stdout all=off uptime,level,tags foldmultilines=false
 #1: stderr all=off uptime,level,tags foldmultilines=false

Environment Variables:
JAVA_HOME=C:\Program Files\Java\jdk-21
PATH=C:\Program Files\Java\jdk-21\bin;C:\Users\vquoc\.trae\tools\maven\latest\bin;C:\Users\vquoc\.trae\tools\gradle\latest\bin;c:\Users\vquoc\.trae\sdks\workspaces\f2c5a85b\versions\node\current;c:\Users\vquoc\.trae\sdks\versions\node\current;C:\Program Files\Common Files\Oracle\Java\javapath;C:\WINDOWS\system32;C:\WINDOWS;C:\WINDOWS\System32\Wbem;C:\WINDOWS\System32\WindowsPowerShell\v1.0\;C:\WINDOWS\System32\OpenSSH\;C:\Program Files\dotnet\;C:\Program Files\usbipd-win\;C:\Program Files\nodejs\;C:\Program Files\Cloudflare\Cloudflare WARP\;C:\Program Files (x86)\Microsoft SQL Server\160\Tools\Binn\;C:\Program Files\Microsoft SQL Server\160\Tools\Binn\;C:\Program Files\Microsoft SQL Server\Client SDK\ODBC\170\Tools\Binn\;C:\Program Files\Microsoft SQL Server\160\DTS\Binn\;C:\Program Files\NVIDIA Corporation\NVIDIA App\NvDLISR;C:\Program Files (x86)\NVIDIA Corporation\PhysX\Common;C:\Program Files\Git\cmd;C:\Users\vquoc\scoop\apps\maven\current\bin;C:\Users\vquoc\scoop\shims;C:\Users\vquoc\AppData\Local\Microsoft\WindowsApps;C:\Users\vquoc\AppData\Roaming\npm;C:\Users\vquoc\AppData\Local\GitHubDesktop\bin;c:\Users\vquoc\AppData\Local\Programs\Trae\resources\app\bin\lib
USERNAME=vquoc
OS=Windows_NT
PROCESSOR_IDENTIFIER=Intel64 Family 6 Model 154 Stepping 3, GenuineIntel
TMP=C:\Users\vquoc\AppData\Local\Temp
TEMP=C:\Users\vquoc\AppData\Local\Temp




Periodic native trim disabled

---------------  S Y S T E M  ---------------

OS:
 Windows 11 , 64 bit Build 26100 (10.0.26100.4202)
OS uptime: 0 days 0:02 hours
Hyper-V role detected

CPU: total 12 (initial active 12) (6 cores per cpu, 2 threads per core) family 6 model 154 stepping 3 microcode 0x429, cx8, cmov, fxsr, ht, mmx, 3dnowpref, sse, sse2, sse3, ssse3, sse4.1, sse4.2, popcnt, lzcnt, tsc, tscinvbit, avx, avx2, aes, erms, clmul, bmi1, bmi2, adx, sha, fma, vzeroupper, clflush, clflushopt, clwb, hv, serialize, rdtscp, rdpid, fsrm, f16c, cet_ibt, cet_ss
Processor Information for processor 0
  Max Mhz: 2000, Current Mhz: 2000, Mhz Limit: 2000
Processor Information for processor 1
  Max Mhz: 2000, Current Mhz: 1520, Mhz Limit: 2000
Processor Information for processor 2
  Max Mhz: 2000, Current Mhz: 1520, Mhz Limit: 2000
Processor Information for processor 3
  Max Mhz: 2000, Current Mhz: 2000, Mhz Limit: 2000
Processor Information for processor 4
  Max Mhz: 2000, Current Mhz: 2000, Mhz Limit: 2000
Processor Information for processor 5
  Max Mhz: 2000, Current Mhz: 2000, Mhz Limit: 2000
Processor Information for processor 6
  Max Mhz: 2000, Current Mhz: 2000, Mhz Limit: 2000
Processor Information for processor 7
  Max Mhz: 2000, Current Mhz: 1520, Mhz Limit: 2000
Processor Information for processor 8
  Max Mhz: 2000, Current Mhz: 1466, Mhz Limit: 2000
Processor Information for processor 9
  Max Mhz: 2000, Current Mhz: 2000, Mhz Limit: 2000
Processor Information for processor 10
  Max Mhz: 2000, Current Mhz: 1466, Mhz Limit: 2000
Processor Information for processor 11
  Max Mhz: 2000, Current Mhz: 2000, Mhz Limit: 2000

Memory: 4k page, system-wide physical 24193M (10834M free)
TotalPageFile size 28113M (AvailPageFile size 5M)
current process WorkingSet (physical memory assigned to process): 637M, peak: 637M
current process commit charge ("private bytes"): 581M, peak: 582M

vm_info: OpenJDK 64-Bit Server VM (21.0.7+6-LTS) for windows-amd64 JRE (21.0.7+6-LTS), built on 2025-04-15T00:00:00Z by "admin" with MS VC++ 17.7 (VS2022)

END.
